Using pre-set license
Built from '2022.3/staging' branch; Version is '2022.3.62f1 (4af31df58517) revision 4911901'; Using compiler version '192829333'; Build Type 'Release'
OS: 'Windows 11  (10.0.26100) 64bit Professional' Language: 'de' Physical Memory: 32688 MB
BatchMode: 1, IsHumanControllingUs: 0, StartBugReporterOnCrash: 0, Is64bit: 1, IsPro: 1

COMMAND LINE ARGUMENTS:
C:\Program Files\Unity\Hub\Editor\2022.3.62f1\Editor\Unity.exe
-adb2
-batchMode
-noUpm
-name
AssetImportWorker11
-projectPath
F:/VR_olfactory_SG_SS25
-logFile
Logs/AssetImportWorker11.log
-srvPort
32978
Successfully changed project path to: F:/VR_olfactory_SG_SS25
F:/VR_olfactory_SG_SS25
[UnityMemory] Configuration Parameters - Can be set up in boot.config
    "memorysetup-bucket-allocator-granularity=16"
    "memorysetup-bucket-allocator-bucket-count=8"
    "memorysetup-bucket-allocator-block-size=33554432"
    "memorysetup-bucket-allocator-block-count=8"
    "memorysetup-main-allocator-block-size=16777216"
    "memorysetup-thread-allocator-block-size=16777216"
    "memorysetup-gfx-main-allocator-block-size=16777216"
    "memorysetup-gfx-thread-allocator-block-size=16777216"
    "memorysetup-cache-allocator-block-size=4194304"
    "memorysetup-typetree-allocator-block-size=2097152"
    "memorysetup-profiler-bucket-allocator-granularity=16"
    "memorysetup-profiler-bucket-allocator-bucket-count=8"
    "memorysetup-profiler-bucket-allocator-block-size=33554432"
    "memorysetup-profiler-bucket-allocator-block-count=8"
    "memorysetup-profiler-allocator-block-size=16777216"
    "memorysetup-profiler-editor-allocator-block-size=1048576"
    "memorysetup-temp-allocator-size-main=16777216"
    "memorysetup-job-temp-allocator-block-size=2097152"
    "memorysetup-job-temp-allocator-block-size-background=1048576"
    "memorysetup-job-temp-allocator-reduction-small-platforms=262144"
    "memorysetup-allocator-temp-initial-block-size-main=262144"
    "memorysetup-allocator-temp-initial-block-size-worker=262144"
    "memorysetup-temp-allocator-size-background-worker=32768"
    "memorysetup-temp-allocator-size-job-worker=262144"
    "memorysetup-temp-allocator-size-preload-manager=33554432"
    "memorysetup-temp-allocator-size-nav-mesh-worker=65536"
    "memorysetup-temp-allocator-size-audio-worker=65536"
    "memorysetup-temp-allocator-size-cloud-worker=32768"
    "memorysetup-temp-allocator-size-gi-baking-worker=262144"
    "memorysetup-temp-allocator-size-gfx=262144"
Player connection [15628]  Target information:

Player connection [15628]  * "[IP] 192.168.219.1 [Port] 0 [Flags] 2 [Guid] 924106709 [EditorId] 924106709 [Version] 1048832 [Id] WindowsEditor(7,DESKTOP-HUEKJSI) [Debug] 1 [PackageName] WindowsEditor [ProjectName] Editor" 

Player connection [15628]  * "[IP] 192.168.207.1 [Port] 0 [Flags] 2 [Guid] 924106709 [EditorId] 924106709 [Version] 1048832 [Id] WindowsEditor(7,DESKTOP-HUEKJSI) [Debug] 1 [PackageName] WindowsEditor [ProjectName] Editor" 

Player connection [15628]  * "[IP] 192.168.111.97 [Port] 0 [Flags] 2 [Guid] 924106709 [EditorId] 924106709 [Version] 1048832 [Id] WindowsEditor(7,DESKTOP-HUEKJSI) [Debug] 1 [PackageName] WindowsEditor [ProjectName] Editor" 

Player connection [15628]  * "[IP] 172.31.16.1 [Port] 0 [Flags] 2 [Guid] 924106709 [EditorId] 924106709 [Version] 1048832 [Id] WindowsEditor(7,DESKTOP-HUEKJSI) [Debug] 1 [PackageName] WindowsEditor [ProjectName] Editor" 

Player connection [15628] Host joined multi-casting on [225.0.0.222:54997]...
Player connection [15628] Host joined alternative multi-casting on [225.0.0.222:34997]...
Input System module state changed to: Initialized.
[PhysX] Initialized MultithreadedTaskDispatcher with 32 workers.
Refreshing native plugins compatible for Editor in 25.03 ms, found 12 plugins.
Preloading 0 native plugins for Editor in 0.00 ms.
Initialize engine version: 2022.3.62f1 (4af31df58517)
[Subsystems] Discovering subsystems at path C:/Program Files/Unity/Hub/Editor/2022.3.62f1/Editor/Data/Resources/UnitySubsystems
[Subsystems] Discovering subsystems at path F:/VR_olfactory_SG_SS25/Assets
GfxDevice: creating device client; threaded=0; jobified=0
Direct3D:
    Version:  Direct3D 11.0 [level 11.1]
    Renderer: NVIDIA GeForce RTX 4090 (ID=0x2684)
    Vendor:   NVIDIA
    VRAM:     24142 MB
    Driver:   32.0.15.8097
Shader 'Fristy/Nature/Leaves': fallback shader 'TransparentCutout' not found
Shader 'Fristy/Nature/Leaves 2': fallback shader 'TransparentCutout' not found
Shader 'Fristy/Nature/Leaves 2': fallback shader 'TransparentCutout' not found
Shader 'Fristy/Nature/Leaves': fallback shader 'TransparentCutout' not found
Initialize mono
Mono path[0] = 'C:/Program Files/Unity/Hub/Editor/2022.3.62f1/Editor/Data/Managed'
Mono path[1] = 'C:/Program Files/Unity/Hub/Editor/2022.3.62f1/Editor/Data/MonoBleedingEdge/lib/mono/unityjit-win32'
Mono config path = 'C:/Program Files/Unity/Hub/Editor/2022.3.62f1/Editor/Data/MonoBleedingEdge/etc'
Using monoOptions --debugger-agent=transport=dt_socket,embedding=1,server=y,suspend=n,address=127.0.0.1:56960
Begin MonoManager ReloadAssembly
Registering precompiled unity dll's ...
Register platform support module: C:/Program Files/Unity/Hub/Editor/2022.3.62f1/Editor/Data/PlaybackEngines/WindowsStandaloneSupport/UnityEditor.WindowsStandalone.Extensions.dll
Registered in 0.006868 seconds.
- Loaded All Assemblies, in  0.281 seconds
Native extension for WindowsStandalone target not found
Mono: successfully reloaded assembly
- Finished resetting the current domain, in  0.300 seconds
Domain Reload Profiling: 580ms
	BeginReloadAssembly (106ms)
		ExecutionOrderSort (0ms)
		DisableScriptedObjects (0ms)
		BackupInstance (0ms)
		ReleaseScriptingObjects (0ms)
		CreateAndSetChildDomain (1ms)
	RebuildCommonClasses (24ms)
	RebuildNativeTypeToScriptingClass (7ms)
	initialDomainReloadingComplete (48ms)
	LoadAllAssembliesAndSetupDomain (95ms)
		LoadAssemblies (104ms)
		RebuildTransferFunctionScriptingTraits (0ms)
		AnalyzeDomain (93ms)
			TypeCache.Refresh (93ms)
				TypeCache.ScanAssembly (83ms)
			ScanForSourceGeneratedMonoScriptInfo (0ms)
			ResolveRequiredComponents (0ms)
	FinalizeReload (300ms)
		ReleaseScriptCaches (0ms)
		RebuildScriptCaches (0ms)
		SetupLoadedEditorAssemblies (266ms)
			LogAssemblyErrors (0ms)
			InitializePlatformSupportModulesInManaged (7ms)
			SetLoadedEditorAssemblies (5ms)
			RefreshPlugins (0ms)
			BeforeProcessingInitializeOnLoad (1ms)
			ProcessInitializeOnLoadAttributes (194ms)
			ProcessInitializeOnLoadMethodAttributes (58ms)
			AfterProcessingInitializeOnLoad (0ms)
			EditorAssembliesLoaded (0ms)
		ExecutionOrderSort2 (0ms)
		AwakeInstancesAfterBackupRestoration (0ms)
========================================================================
Worker process is ready to serve import requests
Caller must complete domain reload
Begin MonoManager ReloadAssembly
- Loaded All Assemblies, in  3.516 seconds
Native extension for WindowsStandalone target not found
Package Manager log level set to [2]
[Package Manager] Server::EnsureServerProcessIsRunning -- launch failed, reason: Unity was launched with the -noUpm command-line argument
[Package Manager] UpmClient::Send -- Unable to send message (not connected to UPM process).
[Package Manager] Cannot connect to Unity Package Manager local server
Mono: successfully reloaded assembly
[Package Manager] Server::EnsureServerProcessIsRunning -- launch failed, reason: Unity was launched with the -noUpm command-line argument
[Package Manager] UpmClient::Send -- Unable to send message (not connected to UPM process).
[Package Manager] Cannot connect to Unity Package Manager local server
[Package Manager] Server::EnsureServerProcessIsRunning -- launch failed, reason: Unity was launched with the -noUpm command-line argument
[Package Manager] UpmClient::Send -- Unable to send message (not connected to UPM process).
[Package Manager] Cannot connect to Unity Package Manager local server
- Finished resetting the current domain, in 10.907 seconds
Domain Reload Profiling: 14421ms
	BeginReloadAssembly (105ms)
		ExecutionOrderSort (0ms)
		DisableScriptedObjects (4ms)
		BackupInstance (0ms)
		ReleaseScriptingObjects (0ms)
		CreateAndSetChildDomain (15ms)
	RebuildCommonClasses (23ms)
	RebuildNativeTypeToScriptingClass (7ms)
	initialDomainReloadingComplete (27ms)
	LoadAllAssembliesAndSetupDomain (3352ms)
		LoadAssemblies (3142ms)
		RebuildTransferFunctionScriptingTraits (0ms)
		AnalyzeDomain (271ms)
			TypeCache.Refresh (223ms)
				TypeCache.ScanAssembly (206ms)
			ScanForSourceGeneratedMonoScriptInfo (33ms)
			ResolveRequiredComponents (13ms)
	FinalizeReload (10908ms)
		ReleaseScriptCaches (0ms)
		RebuildScriptCaches (0ms)
		SetupLoadedEditorAssemblies (10749ms)
			LogAssemblyErrors (0ms)
			InitializePlatformSupportModulesInManaged (5ms)
			SetLoadedEditorAssemblies (3ms)
			RefreshPlugins (0ms)
			BeforeProcessingInitializeOnLoad (83ms)
			ProcessInitializeOnLoadAttributes (6651ms)
			ProcessInitializeOnLoadMethodAttributes (4000ms)
			AfterProcessingInitializeOnLoad (7ms)
			EditorAssembliesLoaded (0ms)
		ExecutionOrderSort2 (0ms)
		AwakeInstancesAfterBackupRestoration (5ms)
WARNING: Shader Unsupported: 'Hidden/Universal Render Pipeline/Terrain/Lit (Base Pass)' - All subshaders removed
WARNING: Shader Did you use #pragma only_renderers and omit this platform?
WARNING: Shader If subshaders removal was intentional, you may have forgotten turning Fallback off?
WARNING: Shader Unsupported: 'Hidden/Universal Render Pipeline/Terrain/Lit (Base Pass)' - All subshaders removed
WARNING: Shader Did you use #pragma only_renderers and omit this platform?
WARNING: Shader If subshaders removal was intentional, you may have forgotten turning Fallback off?
WARNING: Shader Unsupported: 'Universal Render Pipeline/Terrain/Lit' - All subshaders removed
WARNING: Shader Did you use #pragma only_renderers and omit this platform?
WARNING: Shader If subshaders removal was intentional, you may have forgotten turning Fallback off?
WARNING: Shader Unsupported: 'Universal Render Pipeline/Terrain/Lit' - All subshaders removed
WARNING: Shader Did you use #pragma only_renderers and omit this platform?
WARNING: Shader If subshaders removal was intentional, you may have forgotten turning Fallback off?
WARNING: Shader Unsupported: 'Hidden/Builtin_TerrainVisualization' - All subshaders removed
WARNING: Shader Did you use #pragma only_renderers and omit this platform?
WARNING: Shader If subshaders removal was intentional, you may have forgotten turning Fallback off?
WARNING: Shader Unsupported: 'Hidden/Builtin_TerrainVisualization' - All subshaders removed
WARNING: Shader Did you use #pragma only_renderers and omit this platform?
WARNING: Shader If subshaders removal was intentional, you may have forgotten turning Fallback off?
Shader 'Fristy/Nature/Leaves': fallback shader 'TransparentCutout' not found
Shader 'Fristy/Nature/Leaves 2': fallback shader 'TransparentCutout' not found
Shader 'Fristy/Nature/Leaves 2': fallback shader 'TransparentCutout' not found
Shader 'Fristy/Nature/Leaves': fallback shader 'TransparentCutout' not found
Launched and connected shader compiler UnityShaderCompiler.exe after 0.03 seconds
Refreshing native plugins compatible for Editor in 12.63 ms, found 12 plugins.
Preloading 0 native plugins for Editor in 0.00 ms.
Unloading 9647 Unused Serialized files (Serialized files now loaded: 0)
Unloading 168 unused Assets / (7.1 MB). Loaded Objects now: 10177.
Memory consumption went from 0.63 GB to 0.62 GB.
Total: 5.489700 ms (FindLiveObjects: 0.588900 ms CreateObjectMapping: 0.449500 ms MarkObjects: 3.069400 ms  DeleteObjects: 1.380800 ms)

AssetImportParameters requested are different than current active one (requested -> active):
  custom:container-demuxer-ogg: 62fdf1f143b41e24485cea50d1cbac27 -> 
  custom:framework-win-MediaFoundation: 216162199b28c13a410421893ffa2e32 -> 
  custom:container-muxer-webm: aa71ff27fc2769a1b78a27578f13a17b -> 
  custom:video-decoder-webm-vp8: 9c59270c3fd7afecdb556c50c9e8de78 -> 
  custom:SearchIndexIgnoredProperties: e643bd26f0fe6173181afceb89e7c659 -> 
  custom:AudioImporter_EditorPlatform: d09bf68614088b80899f8185d706f6e7 -> 
  custom:audio-decoder-ogg-vorbis: bf7c407c2cedff20999df2af8eb42d56 -> 
  custom:audio-encoder-webm-vorbis: bf7c407c2cedff20999df2af8eb42d56 -> 
  custom:video-codec-MediaFoundation-h265: 746d11721c4dcdbdad8f713fa42b33f4 -> 
  custom:video-decoder-ogg-theora: a1e56fd34408186e4bbccfd4996cb3dc -> 
  custom:CustomObjectIndexerAttribute: 3ead1caaecf1c488f20bcfeb224b6af5 -> 
  custom:container-demuxer-webm: 4f35f7cbe854078d1ac9338744f61a02 -> 
  custom:video-encoder-webm-vp8: eb34c28f22e8b96e1ab97ce403110664 -> 
========================================================================
Received Import Request.
  Time since last request: 80912.830831 seconds.
  path: Assets/NatureManufacture Assets/Coast Environment/Cliffs
  artifactKey: Guid(86a949835f04ffa4e9e0e91eb6c4e079) Importer(815301076,1909f56bfc062723c751e8b465ee728b)
Start importing Assets/NatureManufacture Assets/Coast Environment/Cliffs using Guid(86a949835f04ffa4e9e0e91eb6c4e079) Importer(815301076,1909f56bfc062723c751e8b465ee728b) [PhysX] Initialized MultithreadedTaskDispatcher with 32 workers.
 -> (artifact id: 'a05b7bb23dc22e03620d24f4845e0a5f') in 0.025680 seconds
Number of updated asset objects reloaded before import = 0
Number of asset objects unloaded after import = 0
========================================================================
Received Import Request.
  Time since last request: 3.662510 seconds.
  path: Assets/NatureManufacture Assets/Coast Environment/Cliffs/Prefabs Layered Grass Clay
  artifactKey: Guid(d202b37a9d5777245bf4ac54284fbc07) Importer(815301076,1909f56bfc062723c751e8b465ee728b)
Start importing Assets/NatureManufacture Assets/Coast Environment/Cliffs/Prefabs Layered Grass Clay using Guid(d202b37a9d5777245bf4ac54284fbc07) Importer(815301076,1909f56bfc062723c751e8b465ee728b) [PhysX] Initialized MultithreadedTaskDispatcher with 32 workers.
 -> (artifact id: 'f4186c91e9fe45770c3977961212f47f') in 0.001104 seconds
Number of updated asset objects reloaded before import = 0
Number of asset objects unloaded after import = 0
========================================================================
Received Import Request.
  Time since last request: 1.057146 seconds.
  path: Assets/NatureManufacture Assets/Coast Environment/Cliffs/Prefabs Layered Sand 1 Clay
  artifactKey: Guid(d3691ee459d03174a8321cca13216e82) Importer(815301076,1909f56bfc062723c751e8b465ee728b)
Start importing Assets/NatureManufacture Assets/Coast Environment/Cliffs/Prefabs Layered Sand 1 Clay using Guid(d3691ee459d03174a8321cca13216e82) Importer(815301076,1909f56bfc062723c751e8b465ee728b) [PhysX] Initialized MultithreadedTaskDispatcher with 32 workers.
 -> (artifact id: '34bfefc8f0cefe72b71afd48e9e0f804') in 0.000746 seconds
Number of updated asset objects reloaded before import = 0
Number of asset objects unloaded after import = 0
========================================================================
Received Import Request.
  Time since last request: 2.684510 seconds.
  path: Assets/NatureManufacture Assets/Coast Environment/Cliffs/Prefabs Layered Grass Clay/Prefab_beach_cliff_01_A_Grass_Clay.prefab
  artifactKey: Guid(c53180a7116f2434c813cb9aa50daede) Importer(815301076,1909f56bfc062723c751e8b465ee728b)
Start importing Assets/NatureManufacture Assets/Coast Environment/Cliffs/Prefabs Layered Grass Clay/Prefab_beach_cliff_01_A_Grass_Clay.prefab using Guid(c53180a7116f2434c813cb9aa50daede) Importer(815301076,1909f56bfc062723c751e8b465ee728b) [PhysX] Initialized MultithreadedTaskDispatcher with 32 workers.
[PhysX] Initialized MultithreadedTaskDispatcher with 32 workers.
 -> (artifact id: '4db71a050bb7b646d8145b03df3cf35b') in 3.585168 seconds
Number of updated asset objects reloaded before import = 0
Number of asset objects unloaded after import = 107
========================================================================
Received Import Request.
  Time since last request: 0.000023 seconds.
  path: Assets/NatureManufacture Assets/Coast Environment/Cliffs/Prefabs Layered Grass Clay/Prefab_beach_cliff_01_C_Grass_Clay.prefab
  artifactKey: Guid(fba91b8e16eb6e247a4106607ac8894a) Importer(815301076,1909f56bfc062723c751e8b465ee728b)
Start importing Assets/NatureManufacture Assets/Coast Environment/Cliffs/Prefabs Layered Grass Clay/Prefab_beach_cliff_01_C_Grass_Clay.prefab using Guid(fba91b8e16eb6e247a4106607ac8894a) Importer(815301076,1909f56bfc062723c751e8b465ee728b) [PhysX] Initialized MultithreadedTaskDispatcher with 32 workers.
[PhysX] Initialized MultithreadedTaskDispatcher with 32 workers.
 -> (artifact id: '204eec4c7a538393f751fe4dcd653dde') in 0.185660 seconds
Number of updated asset objects reloaded before import = 0
Number of asset objects unloaded after import = 40
========================================================================
Received Import Request.
  Time since last request: 0.000031 seconds.
  path: Assets/NatureManufacture Assets/Coast Environment/Cliffs/Prefabs Layered Grass Clay/Prefab_beach_cliff_02_C_Grass_Clay.prefab
  artifactKey: Guid(dd60835c430d7794a9b21295a50e7c03) Importer(815301076,1909f56bfc062723c751e8b465ee728b)
Start importing Assets/NatureManufacture Assets/Coast Environment/Cliffs/Prefabs Layered Grass Clay/Prefab_beach_cliff_02_C_Grass_Clay.prefab using Guid(dd60835c430d7794a9b21295a50e7c03) Importer(815301076,1909f56bfc062723c751e8b465ee728b) [PhysX] Initialized MultithreadedTaskDispatcher with 32 workers.
[PhysX] Initialized MultithreadedTaskDispatcher with 32 workers.
 -> (artifact id: '608840c1481088b0d4d965e608c71e94') in 5.280267 seconds
Number of updated asset objects reloaded before import = 0
Number of asset objects unloaded after import = 41
========================================================================
Received Import Request.
  Time since last request: 0.000025 seconds.
  path: Assets/NatureManufacture Assets/Coast Environment/Cliffs/Prefabs Layered Grass Clay/Prefab_beach_escarpment_01_B_Grass_Clay.prefab
  artifactKey: Guid(8b24974835dfd25478f66c7af2266c24) Importer(815301076,1909f56bfc062723c751e8b465ee728b)
Start importing Assets/NatureManufacture Assets/Coast Environment/Cliffs/Prefabs Layered Grass Clay/Prefab_beach_escarpment_01_B_Grass_Clay.prefab using Guid(8b24974835dfd25478f66c7af2266c24) Importer(815301076,1909f56bfc062723c751e8b465ee728b) [PhysX] Initialized MultithreadedTaskDispatcher with 32 workers.
[PhysX] Initialized MultithreadedTaskDispatcher with 32 workers.
 -> (artifact id: 'e0af2fecadeedca0225db5d4b6db9583') in 0.224053 seconds
Number of updated asset objects reloaded before import = 0
Number of asset objects unloaded after import = 40
========================================================================
Received Import Request.
  Time since last request: 0.000046 seconds.
  path: Assets/NatureManufacture Assets/Coast Environment/Cliffs/Prefabs Layered Grass Clay/Prefab_beach_cliff_02_B_Grass_Clay.prefab
  artifactKey: Guid(0e8fb66c5b7b09143adfd89b601c39ec) Importer(815301076,1909f56bfc062723c751e8b465ee728b)
Start importing Assets/NatureManufacture Assets/Coast Environment/Cliffs/Prefabs Layered Grass Clay/Prefab_beach_cliff_02_B_Grass_Clay.prefab using Guid(0e8fb66c5b7b09143adfd89b601c39ec) Importer(815301076,1909f56bfc062723c751e8b465ee728b) [PhysX] Initialized MultithreadedTaskDispatcher with 32 workers.
[PhysX] Initialized MultithreadedTaskDispatcher with 32 workers.
 -> (artifact id: '470adb7edc3ee0a41d0bf7c04b6dd3b1') in 1.403447 seconds
Number of updated asset objects reloaded before import = 0
Number of asset objects unloaded after import = 41
========================================================================
Received Import Request.
  Time since last request: 0.000037 seconds.
  path: Assets/NatureManufacture Assets/Coast Environment/Cliffs/Prefabs Layered Grass Clay/Prefab_beach_escarpment_01_C_Grass_Clay.prefab
  artifactKey: Guid(7ddf0c2539ded484c8695e219ffdcfb1) Importer(815301076,1909f56bfc062723c751e8b465ee728b)
Start importing Assets/NatureManufacture Assets/Coast Environment/Cliffs/Prefabs Layered Grass Clay/Prefab_beach_escarpment_01_C_Grass_Clay.prefab using Guid(7ddf0c2539ded484c8695e219ffdcfb1) Importer(815301076,1909f56bfc062723c751e8b465ee728b) [PhysX] Initialized MultithreadedTaskDispatcher with 32 workers.
[PhysX] Initialized MultithreadedTaskDispatcher with 32 workers.
 -> (artifact id: '5067fa3d36532b1a6f459edf4723e259') in 0.806570 seconds
Number of updated asset objects reloaded before import = 0
Number of asset objects unloaded after import = 40
========================================================================
Received Import Request.
  Time since last request: 1.166417 seconds.
  path: Assets/NatureManufacture Assets/Coast Environment/Cliffs/Prefabs Layered Sand 1 Clay/Prefab_beach_cliff_01_A_Sand_1_Clay.prefab
  artifactKey: Guid(e652e802813e7ee4283154d99a6e3b6a) Importer(815301076,1909f56bfc062723c751e8b465ee728b)
Start importing Assets/NatureManufacture Assets/Coast Environment/Cliffs/Prefabs Layered Sand 1 Clay/Prefab_beach_cliff_01_A_Sand_1_Clay.prefab using Guid(e652e802813e7ee4283154d99a6e3b6a) Importer(815301076,1909f56bfc062723c751e8b465ee728b) [PhysX] Initialized MultithreadedTaskDispatcher with 32 workers.
[PhysX] Initialized MultithreadedTaskDispatcher with 32 workers.
 -> (artifact id: 'ee1935f22b8f0fdc8485bf0a4dc95253') in 1.210267 seconds
Number of updated asset objects reloaded before import = 0
Number of asset objects unloaded after import = 40
========================================================================
Received Import Request.
  Time since last request: 0.000032 seconds.
  path: Assets/NatureManufacture Assets/Coast Environment/Cliffs/Prefabs Layered Sand 1 Clay/Prefab_beach_cliff_01_ending_left_Sand_1_Clay.prefab
  artifactKey: Guid(431d04f11cc91624fb027f3c74178b4d) Importer(815301076,1909f56bfc062723c751e8b465ee728b)
Start importing Assets/NatureManufacture Assets/Coast Environment/Cliffs/Prefabs Layered Sand 1 Clay/Prefab_beach_cliff_01_ending_left_Sand_1_Clay.prefab using Guid(431d04f11cc91624fb027f3c74178b4d) Importer(815301076,1909f56bfc062723c751e8b465ee728b) [PhysX] Initialized MultithreadedTaskDispatcher with 32 workers.
[PhysX] Initialized MultithreadedTaskDispatcher with 32 workers.
 -> (artifact id: 'b3b51358aea09197275b5ec3fafec12c') in 0.046459 seconds
Number of updated asset objects reloaded before import = 0
Number of asset objects unloaded after import = 40
========================================================================
Received Import Request.
  Time since last request: 0.000051 seconds.
  path: Assets/NatureManufacture Assets/Coast Environment/Cliffs/Prefabs Layered Sand 1 Clay/Prefab_beach_cliff_01_C_Sand_1_Clay.prefab
  artifactKey: Guid(39f81a3d10616f24d9acde6826bc918e) Importer(815301076,1909f56bfc062723c751e8b465ee728b)
Start importing Assets/NatureManufacture Assets/Coast Environment/Cliffs/Prefabs Layered Sand 1 Clay/Prefab_beach_cliff_01_C_Sand_1_Clay.prefab using Guid(39f81a3d10616f24d9acde6826bc918e) Importer(815301076,1909f56bfc062723c751e8b465ee728b) [PhysX] Initialized MultithreadedTaskDispatcher with 32 workers.
[PhysX] Initialized MultithreadedTaskDispatcher with 32 workers.
 -> (artifact id: '34a9d7b3fd5c17457e3a9a34bc71e642') in 0.046011 seconds
Number of updated asset objects reloaded before import = 0
Number of asset objects unloaded after import = 40
========================================================================
Received Import Request.
  Time since last request: 0.000024 seconds.
  path: Assets/NatureManufacture Assets/Coast Environment/Cliffs/Prefabs Layered Sand 1 Clay/Prefab_beach_cliff_02_C_Sand_1_Clay.prefab
  artifactKey: Guid(b8d3e56222256c7439d2e36e9506e08d) Importer(815301076,1909f56bfc062723c751e8b465ee728b)
Start importing Assets/NatureManufacture Assets/Coast Environment/Cliffs/Prefabs Layered Sand 1 Clay/Prefab_beach_cliff_02_C_Sand_1_Clay.prefab using Guid(b8d3e56222256c7439d2e36e9506e08d) Importer(815301076,1909f56bfc062723c751e8b465ee728b) [PhysX] Initialized MultithreadedTaskDispatcher with 32 workers.
[PhysX] Initialized MultithreadedTaskDispatcher with 32 workers.
 -> (artifact id: '9b747000030ce57c0b93e23916fc413e') in 0.265321 seconds
Number of updated asset objects reloaded before import = 0
Number of asset objects unloaded after import = 41
========================================================================
Received Import Request.
  Time since last request: 0.000031 seconds.
  path: Assets/NatureManufacture Assets/Coast Environment/Cliffs/Prefabs Layered Sand 1 Clay/Prefab_beach_cliff_01_ending_right_Sand_1_Clay.prefab
  artifactKey: Guid(0c97a4011b98efa4caf8038834c2850f) Importer(815301076,1909f56bfc062723c751e8b465ee728b)
Start importing Assets/NatureManufacture Assets/Coast Environment/Cliffs/Prefabs Layered Sand 1 Clay/Prefab_beach_cliff_01_ending_right_Sand_1_Clay.prefab using Guid(0c97a4011b98efa4caf8038834c2850f) Importer(815301076,1909f56bfc062723c751e8b465ee728b) [PhysX] Initialized MultithreadedTaskDispatcher with 32 workers.
[PhysX] Initialized MultithreadedTaskDispatcher with 32 workers.
 -> (artifact id: 'e944a9ba30eb71b835d2cb902f9d5692') in 0.041491 seconds
Number of updated asset objects reloaded before import = 0
Number of asset objects unloaded after import = 40
========================================================================
Received Import Request.
  Time since last request: 0.000019 seconds.
  path: Assets/NatureManufacture Assets/Coast Environment/Cliffs/Prefabs Layered Sand 1 Clay/Prefab_beach_cliff_02_ending_left_Sand_1_Clay.prefab
  artifactKey: Guid(34e45baf5d6a3dd4082b95a747d20aa0) Importer(815301076,1909f56bfc062723c751e8b465ee728b)
Start importing Assets/NatureManufacture Assets/Coast Environment/Cliffs/Prefabs Layered Sand 1 Clay/Prefab_beach_cliff_02_ending_left_Sand_1_Clay.prefab using Guid(34e45baf5d6a3dd4082b95a747d20aa0) Importer(815301076,1909f56bfc062723c751e8b465ee728b) [PhysX] Initialized MultithreadedTaskDispatcher with 32 workers.
[PhysX] Initialized MultithreadedTaskDispatcher with 32 workers.
 -> (artifact id: '8c6f85663dfadb95e370312f35d5b3cb') in 0.054861 seconds
Number of updated asset objects reloaded before import = 0
Number of asset objects unloaded after import = 41
========================================================================
Received Import Request.
  Time since last request: 0.000022 seconds.
  path: Assets/NatureManufacture Assets/Coast Environment/Cliffs/Prefabs Layered Sand 1 Clay/Prefab_beach_escarpment_01_C_Sand_1_Clay.prefab
  artifactKey: Guid(2add86e53c87934488deb53f06b47202) Importer(815301076,1909f56bfc062723c751e8b465ee728b)
Start importing Assets/NatureManufacture Assets/Coast Environment/Cliffs/Prefabs Layered Sand 1 Clay/Prefab_beach_escarpment_01_C_Sand_1_Clay.prefab using Guid(2add86e53c87934488deb53f06b47202) Importer(815301076,1909f56bfc062723c751e8b465ee728b) [PhysX] Initialized MultithreadedTaskDispatcher with 32 workers.
[PhysX] Initialized MultithreadedTaskDispatcher with 32 workers.
 -> (artifact id: '4aa072c9d43e2bf1408a5e0581be3729') in 0.308630 seconds
Number of updated asset objects reloaded before import = 0
Number of asset objects unloaded after import = 40
========================================================================
Received Import Request.
  Time since last request: 0.000027 seconds.
  path: Assets/NatureManufacture Assets/Coast Environment/Cliffs/Prefabs Layered Sand 1 Clay/Prefab_beach_escarpment_02_A_Sand_1_Clay.prefab
  artifactKey: Guid(3e40eee781ff29a4b934a1875dca0cb1) Importer(815301076,1909f56bfc062723c751e8b465ee728b)
Start importing Assets/NatureManufacture Assets/Coast Environment/Cliffs/Prefabs Layered Sand 1 Clay/Prefab_beach_escarpment_02_A_Sand_1_Clay.prefab using Guid(3e40eee781ff29a4b934a1875dca0cb1) Importer(815301076,1909f56bfc062723c751e8b465ee728b) [PhysX] Initialized MultithreadedTaskDispatcher with 32 workers.
[PhysX] Initialized MultithreadedTaskDispatcher with 32 workers.
 -> (artifact id: '3d80748e21ffed5242f630010f88fd79') in 0.219699 seconds
Number of updated asset objects reloaded before import = 0
Number of asset objects unloaded after import = 40
========================================================================
Received Import Request.
  Time since last request: 0.000028 seconds.
  path: Assets/NatureManufacture Assets/Coast Environment/Cliffs/Prefabs Layered Sand 1 Clay/Prefab_beach_escarpment_02_B_Sand_1_Clay.prefab
  artifactKey: Guid(13f93b1bd3a6f2d4582869ea5a28c5f5) Importer(815301076,1909f56bfc062723c751e8b465ee728b)
Start importing Assets/NatureManufacture Assets/Coast Environment/Cliffs/Prefabs Layered Sand 1 Clay/Prefab_beach_escarpment_02_B_Sand_1_Clay.prefab using Guid(13f93b1bd3a6f2d4582869ea5a28c5f5) Importer(815301076,1909f56bfc062723c751e8b465ee728b) [PhysX] Initialized MultithreadedTaskDispatcher with 32 workers.
[PhysX] Initialized MultithreadedTaskDispatcher with 32 workers.
 -> (artifact id: '0901bb2a11cc84339101cb4d3777d280') in 0.052661 seconds
Number of updated asset objects reloaded before import = 0
Number of asset objects unloaded after import = 40
========================================================================
Received Import Request.
  Time since last request: 0.000074 seconds.
  path: Assets/NatureManufacture Assets/Coast Environment/Cliffs/Prefabs Layered Sand 1 Clay/Prefab_beach_cliff_02_A_Sand_1_Clay.prefab
  artifactKey: Guid(89e1bb26d81ab664f8b8b8891ed9e18e) Importer(815301076,1909f56bfc062723c751e8b465ee728b)
Start importing Assets/NatureManufacture Assets/Coast Environment/Cliffs/Prefabs Layered Sand 1 Clay/Prefab_beach_cliff_02_A_Sand_1_Clay.prefab using Guid(89e1bb26d81ab664f8b8b8891ed9e18e) Importer(815301076,1909f56bfc062723c751e8b465ee728b) [PhysX] Initialized MultithreadedTaskDispatcher with 32 workers.
[PhysX] Initialized MultithreadedTaskDispatcher with 32 workers.
 -> (artifact id: 'c6ab1344d484703a74ae4d8d39b52795') in 0.055314 seconds
Number of updated asset objects reloaded before import = 0
Number of asset objects unloaded after import = 41
========================================================================
Received Import Request.
  Time since last request: 0.000021 seconds.
  path: Assets/NatureManufacture Assets/Coast Environment/Cliffs/Prefabs Layered Sand 1 Clay/Prefab_beach_escarpment_02_C_Sand_1_Clay.prefab
  artifactKey: Guid(90be394f9200b0c4dbc01e21e94f1bb9) Importer(815301076,1909f56bfc062723c751e8b465ee728b)
Start importing Assets/NatureManufacture Assets/Coast Environment/Cliffs/Prefabs Layered Sand 1 Clay/Prefab_beach_escarpment_02_C_Sand_1_Clay.prefab using Guid(90be394f9200b0c4dbc01e21e94f1bb9) Importer(815301076,1909f56bfc062723c751e8b465ee728b) [PhysX] Initialized MultithreadedTaskDispatcher with 32 workers.
[PhysX] Initialized MultithreadedTaskDispatcher with 32 workers.
 -> (artifact id: '1cab80ae571ec76d079bdccd8a1cdb4e') in 0.052334 seconds
Number of updated asset objects reloaded before import = 0
Number of asset objects unloaded after import = 40
========================================================================
Received Import Request.
  Time since last request: 0.000029 seconds.
  path: Assets/NatureManufacture Assets/Coast Environment/Cliffs/Textures/T_beach_cliff_01_H.png
  artifactKey: Guid(2d968657990c10041b1bf05b9315ee9e) Importer(815301076,1909f56bfc062723c751e8b465ee728b)
Start importing Assets/NatureManufacture Assets/Coast Environment/Cliffs/Textures/T_beach_cliff_01_H.png using Guid(2d968657990c10041b1bf05b9315ee9e) Importer(815301076,1909f56bfc062723c751e8b465ee728b) [PhysX] Initialized MultithreadedTaskDispatcher with 32 workers.
[PhysX] Initialized MultithreadedTaskDispatcher with 32 workers.
 -> (artifact id: '84e25f5a1eb0ea9d2d7306098612d2df') in 0.065684 seconds
Number of updated asset objects reloaded before import = 0
Number of asset objects unloaded after import = 2
========================================================================
Received Import Request.
  Time since last request: 0.000031 seconds.
  path: Assets/NatureManufacture Assets/Coast Environment/Cliffs/Textures/T_beach_cliff_01_BC.png
  artifactKey: Guid(1b6db777fbc5bdc498143eada352eae9) Importer(815301076,1909f56bfc062723c751e8b465ee728b)
Start importing Assets/NatureManufacture Assets/Coast Environment/Cliffs/Textures/T_beach_cliff_01_BC.png using Guid(1b6db777fbc5bdc498143eada352eae9) Importer(815301076,1909f56bfc062723c751e8b465ee728b) [PhysX] Initialized MultithreadedTaskDispatcher with 32 workers.
[PhysX] Initialized MultithreadedTaskDispatcher with 32 workers.
 -> (artifact id: 'c0eae9b046e5225ae8aea7145269e6af') in 0.016990 seconds
Number of updated asset objects reloaded before import = 0
Number of asset objects unloaded after import = 2
========================================================================
Received Import Request.
  Time since last request: 0.000022 seconds.
  path: Assets/NatureManufacture Assets/Coast Environment/Cliffs/Textures/T_beach_escarpements_01_AO_H_SM.png
  artifactKey: Guid(a7d2cf8510573c34bb7a8a2f05cb53a7) Importer(815301076,1909f56bfc062723c751e8b465ee728b)
Start importing Assets/NatureManufacture Assets/Coast Environment/Cliffs/Textures/T_beach_escarpements_01_AO_H_SM.png using Guid(a7d2cf8510573c34bb7a8a2f05cb53a7) Importer(815301076,1909f56bfc062723c751e8b465ee728b) [PhysX] Initialized MultithreadedTaskDispatcher with 32 workers.
[PhysX] Initialized MultithreadedTaskDispatcher with 32 workers.
 -> (artifact id: '4f710a432d5c2ff31054dbc9fae9fe41') in 0.026666 seconds
Number of updated asset objects reloaded before import = 0
Number of asset objects unloaded after import = 2
========================================================================
Received Import Request.
  Time since last request: 0.000029 seconds.
  path: Assets/NatureManufacture Assets/Coast Environment/Cliffs/Textures/T_beach_cliff_02_N.png
  artifactKey: Guid(db42302396ef4d042a409e1a2fb86cf8) Importer(815301076,1909f56bfc062723c751e8b465ee728b)
Start importing Assets/NatureManufacture Assets/Coast Environment/Cliffs/Textures/T_beach_cliff_02_N.png using Guid(db42302396ef4d042a409e1a2fb86cf8) Importer(815301076,1909f56bfc062723c751e8b465ee728b) [PhysX] Initialized MultithreadedTaskDispatcher with 32 workers.
[PhysX] Initialized MultithreadedTaskDispatcher with 32 workers.
 -> (artifact id: '6bf2c0b75eec81bcaf2e0e70ae801434') in 0.025167 seconds
Number of updated asset objects reloaded before import = 0
Number of asset objects unloaded after import = 2
========================================================================
Received Import Request.
  Time since last request: 0.000019 seconds.
  path: Assets/NatureManufacture Assets/Coast Environment/Cliffs/Prefabs Layered Sand 1 Clay/Prefab_beach_escarpment_02_D_Sand_1_Clay.prefab
  artifactKey: Guid(0f8ad6e5b1e9e5b40866055dab6ab215) Importer(815301076,1909f56bfc062723c751e8b465ee728b)
Start importing Assets/NatureManufacture Assets/Coast Environment/Cliffs/Prefabs Layered Sand 1 Clay/Prefab_beach_escarpment_02_D_Sand_1_Clay.prefab using Guid(0f8ad6e5b1e9e5b40866055dab6ab215) Importer(815301076,1909f56bfc062723c751e8b465ee728b) [PhysX] Initialized MultithreadedTaskDispatcher with 32 workers.
[PhysX] Initialized MultithreadedTaskDispatcher with 32 workers.
 -> (artifact id: '1a7db6d4c0a2f3f3f7ce2b3f78a28a4d') in 0.057659 seconds
Number of updated asset objects reloaded before import = 0
Number of asset objects unloaded after import = 40
========================================================================
Received Import Request.
  Time since last request: 0.000022 seconds.
  path: Assets/NatureManufacture Assets/Coast Environment/Cliffs/Textures/T_beach_cliff_02_H.png
  artifactKey: Guid(6d1af71bd3653874ba76907917021e56) Importer(815301076,1909f56bfc062723c751e8b465ee728b)
Start importing Assets/NatureManufacture Assets/Coast Environment/Cliffs/Textures/T_beach_cliff_02_H.png using Guid(6d1af71bd3653874ba76907917021e56) Importer(815301076,1909f56bfc062723c751e8b465ee728b) [PhysX] Initialized MultithreadedTaskDispatcher with 32 workers.
[PhysX] Initialized MultithreadedTaskDispatcher with 32 workers.
 -> (artifact id: '11f9229bf9a56072106fdd532f0cf680') in 0.037152 seconds
Number of updated asset objects reloaded before import = 0
Number of asset objects unloaded after import = 2
========================================================================
Received Import Request.
  Time since last request: 0.000043 seconds.
  path: Assets/NatureManufacture Assets/Coast Environment/Cliffs/Textures/T_beach_cliff_02_M.png
  artifactKey: Guid(ff4e615d0672b9544b6c5ee185149888) Importer(815301076,1909f56bfc062723c751e8b465ee728b)
Start importing Assets/NatureManufacture Assets/Coast Environment/Cliffs/Textures/T_beach_cliff_02_M.png using Guid(ff4e615d0672b9544b6c5ee185149888) Importer(815301076,1909f56bfc062723c751e8b465ee728b) [PhysX] Initialized MultithreadedTaskDispatcher with 32 workers.
[PhysX] Initialized MultithreadedTaskDispatcher with 32 workers.
 -> (artifact id: '9911ae75e4f6cdbeb3134b4114344141') in 0.011437 seconds
Number of updated asset objects reloaded before import = 0
Number of asset objects unloaded after import = 2
========================================================================
Received Import Request.
  Time since last request: 0.000020 seconds.
  path: Assets/NatureManufacture Assets/Coast Environment/Cliffs/Textures/T_beach_escarpements_01_H.png
  artifactKey: Guid(21adb8545b399d347b7a034240739eed) Importer(815301076,1909f56bfc062723c751e8b465ee728b)
Start importing Assets/NatureManufacture Assets/Coast Environment/Cliffs/Textures/T_beach_escarpements_01_H.png using Guid(21adb8545b399d347b7a034240739eed) Importer(815301076,1909f56bfc062723c751e8b465ee728b) [PhysX] Initialized MultithreadedTaskDispatcher with 32 workers.
[PhysX] Initialized MultithreadedTaskDispatcher with 32 workers.
 -> (artifact id: '888b49b602ad94e378a5cb98b3319a63') in 0.159300 seconds
Number of updated asset objects reloaded before import = 0
Number of asset objects unloaded after import = 2
========================================================================
Received Import Request.
  Time since last request: 0.000023 seconds.
  path: Assets/NatureManufacture Assets/Coast Environment/Cliffs/Textures/T_beach_escarpements_01_M.png
  artifactKey: Guid(955355dec95b324498eb91c054e543b2) Importer(815301076,1909f56bfc062723c751e8b465ee728b)
Start importing Assets/NatureManufacture Assets/Coast Environment/Cliffs/Textures/T_beach_escarpements_01_M.png using Guid(955355dec95b324498eb91c054e543b2) Importer(815301076,1909f56bfc062723c751e8b465ee728b) [PhysX] Initialized MultithreadedTaskDispatcher with 32 workers.
[PhysX] Initialized MultithreadedTaskDispatcher with 32 workers.
 -> (artifact id: '7418bdc06424e97454c86dca402989b7') in 0.011052 seconds
Number of updated asset objects reloaded before import = 0
Number of asset objects unloaded after import = 2
========================================================================
Received Import Request.
  Time since last request: 0.000031 seconds.
  path: Assets/NatureManufacture Assets/Coast Environment/Cliffs/Textures/T_beach_escarpements_01_N.png
  artifactKey: Guid(3c96247cae3669940938c0da161072a2) Importer(815301076,1909f56bfc062723c751e8b465ee728b)
Start importing Assets/NatureManufacture Assets/Coast Environment/Cliffs/Textures/T_beach_escarpements_01_N.png using Guid(3c96247cae3669940938c0da161072a2) Importer(815301076,1909f56bfc062723c751e8b465ee728b) [PhysX] Initialized MultithreadedTaskDispatcher with 32 workers.
[PhysX] Initialized MultithreadedTaskDispatcher with 32 workers.
 -> (artifact id: '739f4a8e45269942e1ef2604987f7b9e') in 0.017556 seconds
Number of updated asset objects reloaded before import = 0
Number of asset objects unloaded after import = 2
========================================================================
Received Import Request.
  Time since last request: 0.000030 seconds.
  path: Assets/NatureManufacture Assets/Coast Environment/Cliffs/Prefabs Layered Sand 1 Clay/Prefab_beach_escarpment_01_B_Sand_1_Clay.prefab
  artifactKey: Guid(d715fecbb2ebcae418ea9ee1350686ba) Importer(815301076,1909f56bfc062723c751e8b465ee728b)
Start importing Assets/NatureManufacture Assets/Coast Environment/Cliffs/Prefabs Layered Sand 1 Clay/Prefab_beach_escarpment_01_B_Sand_1_Clay.prefab using Guid(d715fecbb2ebcae418ea9ee1350686ba) Importer(815301076,1909f56bfc062723c751e8b465ee728b) [PhysX] Initialized MultithreadedTaskDispatcher with 32 workers.
[PhysX] Initialized MultithreadedTaskDispatcher with 32 workers.
 -> (artifact id: 'ac4226b47e4005b40a24f9d24dac6d76') in 0.051658 seconds
Number of updated asset objects reloaded before import = 0
Number of asset objects unloaded after import = 40
========================================================================
Received Import Request.
  Time since last request: 1.360576 seconds.
  path: Assets/NatureManufacture Assets/Coast Environment/Cliffs/Prefabs Sand 2/Prefab_beach_cliff_01_A_Sand_2.prefab
  artifactKey: Guid(e73baee6887dfe341a86781390e720fc) Importer(815301076,1909f56bfc062723c751e8b465ee728b)
Start importing Assets/NatureManufacture Assets/Coast Environment/Cliffs/Prefabs Sand 2/Prefab_beach_cliff_01_A_Sand_2.prefab using Guid(e73baee6887dfe341a86781390e720fc) Importer(815301076,1909f56bfc062723c751e8b465ee728b) [PhysX] Initialized MultithreadedTaskDispatcher with 32 workers.
[PhysX] Initialized MultithreadedTaskDispatcher with 32 workers.
 -> (artifact id: 'efaa6f4a7f651281888f6a7fbaedc2e2') in 8.947303 seconds
Number of updated asset objects reloaded before import = 0
Number of asset objects unloaded after import = 36
========================================================================
Received Import Request.
  Time since last request: 0.000026 seconds.
  path: Assets/NatureManufacture Assets/Coast Environment/Cliffs/Prefabs Sand 2/Prefab_beach_escarpment_02_B_Sand_2.prefab
  artifactKey: Guid(11a877af671380b47aaee24f87862c37) Importer(815301076,1909f56bfc062723c751e8b465ee728b)
Start importing Assets/NatureManufacture Assets/Coast Environment/Cliffs/Prefabs Sand 2/Prefab_beach_escarpment_02_B_Sand_2.prefab using Guid(11a877af671380b47aaee24f87862c37) Importer(815301076,1909f56bfc062723c751e8b465ee728b) [PhysX] Initialized MultithreadedTaskDispatcher with 32 workers.
[PhysX] Initialized MultithreadedTaskDispatcher with 32 workers.
 -> (artifact id: 'c70aca9ba327c1d9625cffa46c0160c6') in 0.581429 seconds
Number of updated asset objects reloaded before import = 0
Number of asset objects unloaded after import = 37
========================================================================
Received Import Request.
  Time since last request: 0.000040 seconds.
  path: Assets/NatureManufacture Assets/Coast Environment/Cliffs/Prefabs Sand 2/Prefab_beach_escarpment_01_C_Sand_2.prefab
  artifactKey: Guid(4e7fb8d25fc631e41b1d4d44ea813efe) Importer(815301076,1909f56bfc062723c751e8b465ee728b)
Start importing Assets/NatureManufacture Assets/Coast Environment/Cliffs/Prefabs Sand 2/Prefab_beach_escarpment_01_C_Sand_2.prefab using Guid(4e7fb8d25fc631e41b1d4d44ea813efe) Importer(815301076,1909f56bfc062723c751e8b465ee728b) [PhysX] Initialized MultithreadedTaskDispatcher with 32 workers.
[PhysX] Initialized MultithreadedTaskDispatcher with 32 workers.
 -> (artifact id: 'c974a306cc94f14e50fec97e5031b49e') in 0.057492 seconds
Number of updated asset objects reloaded before import = 0
Number of asset objects unloaded after import = 37
========================================================================
Received Import Request.
  Time since last request: 0.000025 seconds.
  path: Assets/NatureManufacture Assets/Coast Environment/Cliffs/Prefabs Sand 2/Prefab_beach_escarpment_02_D_Sand_2.prefab
  artifactKey: Guid(c1ca85412d56ad242bacd46e223c9786) Importer(815301076,1909f56bfc062723c751e8b465ee728b)
Start importing Assets/NatureManufacture Assets/Coast Environment/Cliffs/Prefabs Sand 2/Prefab_beach_escarpment_02_D_Sand_2.prefab using Guid(c1ca85412d56ad242bacd46e223c9786) Importer(815301076,1909f56bfc062723c751e8b465ee728b) [PhysX] Initialized MultithreadedTaskDispatcher with 32 workers.
[PhysX] Initialized MultithreadedTaskDispatcher with 32 workers.
 -> (artifact id: 'ad0e5d0ecd627a4a8e259af15c41bb62') in 0.066766 seconds
Number of updated asset objects reloaded before import = 0
Number of asset objects unloaded after import = 37
========================================================================
Received Import Request.
  Time since last request: 0.000026 seconds.
  path: Assets/NatureManufacture Assets/Coast Environment/Cliffs/Prefabs Sand 2/Prefab_beach_cliff_02_ending_left_Sand_2.prefab
  artifactKey: Guid(ee9822d8ae86e404099a7720d3e9c77d) Importer(815301076,1909f56bfc062723c751e8b465ee728b)
Start importing Assets/NatureManufacture Assets/Coast Environment/Cliffs/Prefabs Sand 2/Prefab_beach_cliff_02_ending_left_Sand_2.prefab using Guid(ee9822d8ae86e404099a7720d3e9c77d) Importer(815301076,1909f56bfc062723c751e8b465ee728b) [PhysX] Initialized MultithreadedTaskDispatcher with 32 workers.
[PhysX] Initialized MultithreadedTaskDispatcher with 32 workers.
 -> (artifact id: '26b43e0e259274dc41b70c1a6b3a22a4') in 0.075884 seconds
Number of updated asset objects reloaded before import = 0
Number of asset objects unloaded after import = 37
Editor requested this worker to shutdown with reason: Scaling down because of idle timeout
TcpMessagingSession - receive error: operation aborted. errorcode: 995, details: Der E/A-Vorgang wurde wegen eines Threadendes oder einer Anwendungsanforderung abgebrochen.
AssetImportWorker is now disconnected from the server
Process exiting
Exiting without the bug reporter. Application will terminate with return code 0