Using pre-set license
Built from '2022.3/staging' branch; Version is '2022.3.62f1 (4af31df58517) revision 4911901'; Using compiler version '192829333'; Build Type 'Release'
OS: 'Windows 11  (10.0.26100) 64bit Professional' Language: 'de' Physical Memory: 32688 MB
BatchMode: 1, IsHumanControllingUs: 0, StartBugReporterOnCrash: 0, Is64bit: 1, IsPro: 1

COMMAND LINE ARGUMENTS:
C:\Program Files\Unity\Hub\Editor\2022.3.62f1\Editor\Unity.exe
-adb2
-batchMode
-noUpm
-name
AssetImportWorker16
-projectPath
F:/VR_olfactory_SG_SS25
-logFile
Logs/AssetImportWorker16.log
-srvPort
32978
Successfully changed project path to: F:/VR_olfactory_SG_SS25
F:/VR_olfactory_SG_SS25
[UnityMemory] Configuration Parameters - Can be set up in boot.config
    "memorysetup-bucket-allocator-granularity=16"
    "memorysetup-bucket-allocator-bucket-count=8"
    "memorysetup-bucket-allocator-block-size=33554432"
    "memorysetup-bucket-allocator-block-count=8"
    "memorysetup-main-allocator-block-size=16777216"
    "memorysetup-thread-allocator-block-size=16777216"
    "memorysetup-gfx-main-allocator-block-size=16777216"
    "memorysetup-gfx-thread-allocator-block-size=16777216"
    "memorysetup-cache-allocator-block-size=4194304"
    "memorysetup-typetree-allocator-block-size=2097152"
    "memorysetup-profiler-bucket-allocator-granularity=16"
    "memorysetup-profiler-bucket-allocator-bucket-count=8"
    "memorysetup-profiler-bucket-allocator-block-size=33554432"
    "memorysetup-profiler-bucket-allocator-block-count=8"
    "memorysetup-profiler-allocator-block-size=16777216"
    "memorysetup-profiler-editor-allocator-block-size=1048576"
    "memorysetup-temp-allocator-size-main=16777216"
    "memorysetup-job-temp-allocator-block-size=2097152"
    "memorysetup-job-temp-allocator-block-size-background=1048576"
    "memorysetup-job-temp-allocator-reduction-small-platforms=262144"
    "memorysetup-allocator-temp-initial-block-size-main=262144"
    "memorysetup-allocator-temp-initial-block-size-worker=262144"
    "memorysetup-temp-allocator-size-background-worker=32768"
    "memorysetup-temp-allocator-size-job-worker=262144"
    "memorysetup-temp-allocator-size-preload-manager=33554432"
    "memorysetup-temp-allocator-size-nav-mesh-worker=65536"
    "memorysetup-temp-allocator-size-audio-worker=65536"
    "memorysetup-temp-allocator-size-cloud-worker=32768"
    "memorysetup-temp-allocator-size-gi-baking-worker=262144"
    "memorysetup-temp-allocator-size-gfx=262144"
Player connection [34460]  Target information:

Player connection [34460]  * "[IP] 192.168.219.1 [Port] 0 [Flags] 2 [Guid] 988978424 [EditorId] 988978424 [Version] 1048832 [Id] WindowsEditor(7,DESKTOP-HUEKJSI) [Debug] 1 [PackageName] WindowsEditor [ProjectName] Editor" 

Player connection [34460]  * "[IP] 192.168.207.1 [Port] 0 [Flags] 2 [Guid] 988978424 [EditorId] 988978424 [Version] 1048832 [Id] WindowsEditor(7,DESKTOP-HUEKJSI) [Debug] 1 [PackageName] WindowsEditor [ProjectName] Editor" 

Player connection [34460]  * "[IP] 192.168.111.97 [Port] 0 [Flags] 2 [Guid] 988978424 [EditorId] 988978424 [Version] 1048832 [Id] WindowsEditor(7,DESKTOP-HUEKJSI) [Debug] 1 [PackageName] WindowsEditor [ProjectName] Editor" 

Player connection [34460]  * "[IP] 172.31.16.1 [Port] 0 [Flags] 2 [Guid] 988978424 [EditorId] 988978424 [Version] 1048832 [Id] WindowsEditor(7,DESKTOP-HUEKJSI) [Debug] 1 [PackageName] WindowsEditor [ProjectName] Editor" 

Player connection [34460] Host joined multi-casting on [225.0.0.222:54997]...
Player connection [34460] Host joined alternative multi-casting on [225.0.0.222:34997]...
Input System module state changed to: Initialized.
[PhysX] Initialized MultithreadedTaskDispatcher with 32 workers.
Refreshing native plugins compatible for Editor in 25.90 ms, found 12 plugins.
Preloading 0 native plugins for Editor in 0.00 ms.
Initialize engine version: 2022.3.62f1 (4af31df58517)
[Subsystems] Discovering subsystems at path C:/Program Files/Unity/Hub/Editor/2022.3.62f1/Editor/Data/Resources/UnitySubsystems
[Subsystems] Discovering subsystems at path F:/VR_olfactory_SG_SS25/Assets
GfxDevice: creating device client; threaded=0; jobified=0
Direct3D:
    Version:  Direct3D 11.0 [level 11.1]
    Renderer: NVIDIA GeForce RTX 4090 (ID=0x2684)
    Vendor:   NVIDIA
    VRAM:     24142 MB
    Driver:   32.0.15.8097
Shader 'Fristy/Nature/Leaves': fallback shader 'TransparentCutout' not found
Shader 'Fristy/Nature/Leaves 2': fallback shader 'TransparentCutout' not found
Shader 'Fristy/Nature/Leaves 2': fallback shader 'TransparentCutout' not found
Shader 'Fristy/Nature/Leaves': fallback shader 'TransparentCutout' not found
Initialize mono
Mono path[0] = 'C:/Program Files/Unity/Hub/Editor/2022.3.62f1/Editor/Data/Managed'
Mono path[1] = 'C:/Program Files/Unity/Hub/Editor/2022.3.62f1/Editor/Data/MonoBleedingEdge/lib/mono/unityjit-win32'
Mono config path = 'C:/Program Files/Unity/Hub/Editor/2022.3.62f1/Editor/Data/MonoBleedingEdge/etc'
Using monoOptions --debugger-agent=transport=dt_socket,embedding=1,server=y,suspend=n,address=127.0.0.1:56480
Begin MonoManager ReloadAssembly
Registering precompiled unity dll's ...
Register platform support module: C:/Program Files/Unity/Hub/Editor/2022.3.62f1/Editor/Data/PlaybackEngines/WindowsStandaloneSupport/UnityEditor.WindowsStandalone.Extensions.dll
Registered in 0.006764 seconds.
- Loaded All Assemblies, in  0.308 seconds
Native extension for WindowsStandalone target not found
Mono: successfully reloaded assembly
- Finished resetting the current domain, in  0.231 seconds
Domain Reload Profiling: 537ms
	BeginReloadAssembly (96ms)
		ExecutionOrderSort (0ms)
		DisableScriptedObjects (0ms)
		BackupInstance (0ms)
		ReleaseScriptingObjects (0ms)
		CreateAndSetChildDomain (1ms)
	RebuildCommonClasses (27ms)
	RebuildNativeTypeToScriptingClass (8ms)
	initialDomainReloadingComplete (60ms)
	LoadAllAssembliesAndSetupDomain (114ms)
		LoadAssemblies (93ms)
		RebuildTransferFunctionScriptingTraits (0ms)
		AnalyzeDomain (112ms)
			TypeCache.Refresh (111ms)
				TypeCache.ScanAssembly (100ms)
			ScanForSourceGeneratedMonoScriptInfo (0ms)
			ResolveRequiredComponents (0ms)
	FinalizeReload (231ms)
		ReleaseScriptCaches (0ms)
		RebuildScriptCaches (0ms)
		SetupLoadedEditorAssemblies (193ms)
			LogAssemblyErrors (0ms)
			InitializePlatformSupportModulesInManaged (9ms)
			SetLoadedEditorAssemblies (6ms)
			RefreshPlugins (0ms)
			BeforeProcessingInitializeOnLoad (2ms)
			ProcessInitializeOnLoadAttributes (135ms)
			ProcessInitializeOnLoadMethodAttributes (41ms)
			AfterProcessingInitializeOnLoad (0ms)
			EditorAssembliesLoaded (0ms)
		ExecutionOrderSort2 (0ms)
		AwakeInstancesAfterBackupRestoration (0ms)
========================================================================
Worker process is ready to serve import requests
Caller must complete domain reload
Begin MonoManager ReloadAssembly
- Loaded All Assemblies, in  0.790 seconds
Native extension for WindowsStandalone target not found
Package Manager log level set to [2]
[Package Manager] Server::EnsureServerProcessIsRunning -- launch failed, reason: Unity was launched with the -noUpm command-line argument
[Package Manager] UpmClient::Send -- Unable to send message (not connected to UPM process).
[Package Manager] Cannot connect to Unity Package Manager local server
Mono: successfully reloaded assembly
[Package Manager] Server::EnsureServerProcessIsRunning -- launch failed, reason: Unity was launched with the -noUpm command-line argument
[Package Manager] UpmClient::Send -- Unable to send message (not connected to UPM process).
[Package Manager] Cannot connect to Unity Package Manager local server
[Package Manager] Server::EnsureServerProcessIsRunning -- launch failed, reason: Unity was launched with the -noUpm command-line argument
[Package Manager] UpmClient::Send -- Unable to send message (not connected to UPM process).
[Package Manager] Cannot connect to Unity Package Manager local server
- Finished resetting the current domain, in  2.134 seconds
Domain Reload Profiling: 2922ms
	BeginReloadAssembly (125ms)
		ExecutionOrderSort (0ms)
		DisableScriptedObjects (5ms)
		BackupInstance (0ms)
		ReleaseScriptingObjects (0ms)
		CreateAndSetChildDomain (20ms)
	RebuildCommonClasses (28ms)
	RebuildNativeTypeToScriptingClass (8ms)
	initialDomainReloadingComplete (27ms)
	LoadAllAssembliesAndSetupDomain (601ms)
		LoadAssemblies (354ms)
		RebuildTransferFunctionScriptingTraits (0ms)
		AnalyzeDomain (319ms)
			TypeCache.Refresh (263ms)
				TypeCache.ScanAssembly (244ms)
			ScanForSourceGeneratedMonoScriptInfo (37ms)
			ResolveRequiredComponents (16ms)
	FinalizeReload (2134ms)
		ReleaseScriptCaches (0ms)
		RebuildScriptCaches (0ms)
		SetupLoadedEditorAssemblies (1954ms)
			LogAssemblyErrors (0ms)
			InitializePlatformSupportModulesInManaged (5ms)
			SetLoadedEditorAssemblies (4ms)
			RefreshPlugins (0ms)
			BeforeProcessingInitializeOnLoad (96ms)
			ProcessInitializeOnLoadAttributes (546ms)
			ProcessInitializeOnLoadMethodAttributes (1295ms)
			AfterProcessingInitializeOnLoad (9ms)
			EditorAssembliesLoaded (0ms)
		ExecutionOrderSort2 (0ms)
		AwakeInstancesAfterBackupRestoration (5ms)
WARNING: Shader Unsupported: 'Hidden/Universal Render Pipeline/Terrain/Lit (Base Pass)' - All subshaders removed
WARNING: Shader Did you use #pragma only_renderers and omit this platform?
WARNING: Shader If subshaders removal was intentional, you may have forgotten turning Fallback off?
WARNING: Shader Unsupported: 'Hidden/Universal Render Pipeline/Terrain/Lit (Base Pass)' - All subshaders removed
WARNING: Shader Did you use #pragma only_renderers and omit this platform?
WARNING: Shader If subshaders removal was intentional, you may have forgotten turning Fallback off?
WARNING: Shader Unsupported: 'Universal Render Pipeline/Terrain/Lit' - All subshaders removed
WARNING: Shader Did you use #pragma only_renderers and omit this platform?
WARNING: Shader If subshaders removal was intentional, you may have forgotten turning Fallback off?
WARNING: Shader Unsupported: 'Universal Render Pipeline/Terrain/Lit' - All subshaders removed
WARNING: Shader Did you use #pragma only_renderers and omit this platform?
WARNING: Shader If subshaders removal was intentional, you may have forgotten turning Fallback off?
WARNING: Shader Unsupported: 'Hidden/Builtin_TerrainVisualization' - All subshaders removed
WARNING: Shader Did you use #pragma only_renderers and omit this platform?
WARNING: Shader If subshaders removal was intentional, you may have forgotten turning Fallback off?
WARNING: Shader Unsupported: 'Hidden/Builtin_TerrainVisualization' - All subshaders removed
WARNING: Shader Did you use #pragma only_renderers and omit this platform?
WARNING: Shader If subshaders removal was intentional, you may have forgotten turning Fallback off?
Shader 'Fristy/Nature/Leaves': fallback shader 'TransparentCutout' not found
Shader 'Fristy/Nature/Leaves 2': fallback shader 'TransparentCutout' not found
Shader 'Fristy/Nature/Leaves': fallback shader 'TransparentCutout' not found
Shader 'Fristy/Nature/Leaves 2': fallback shader 'TransparentCutout' not found
Launched and connected shader compiler UnityShaderCompiler.exe after 0.04 seconds
Refreshing native plugins compatible for Editor in 13.98 ms, found 12 plugins.
Preloading 0 native plugins for Editor in 0.00 ms.
Unloading 9648 Unused Serialized files (Serialized files now loaded: 0)
Unloading 168 unused Assets / (7.0 MB). Loaded Objects now: 10178.
Memory consumption went from 0.64 GB to 0.63 GB.
Total: 5.945500 ms (FindLiveObjects: 0.602800 ms CreateObjectMapping: 0.550200 ms MarkObjects: 3.478200 ms  DeleteObjects: 1.313400 ms)

AssetImportParameters requested are different than current active one (requested -> active):
  custom:container-demuxer-ogg: 62fdf1f143b41e24485cea50d1cbac27 -> 
  custom:framework-win-MediaFoundation: 216162199b28c13a410421893ffa2e32 -> 
  custom:container-muxer-webm: aa71ff27fc2769a1b78a27578f13a17b -> 
  custom:video-decoder-webm-vp8: 9c59270c3fd7afecdb556c50c9e8de78 -> 
  custom:SearchIndexIgnoredProperties: e643bd26f0fe6173181afceb89e7c659 -> 
  custom:AudioImporter_EditorPlatform: d09bf68614088b80899f8185d706f6e7 -> 
  custom:audio-decoder-ogg-vorbis: bf7c407c2cedff20999df2af8eb42d56 -> 
  custom:audio-encoder-webm-vorbis: bf7c407c2cedff20999df2af8eb42d56 -> 
  custom:video-codec-MediaFoundation-h265: 746d11721c4dcdbdad8f713fa42b33f4 -> 
  custom:video-decoder-ogg-theora: a1e56fd34408186e4bbccfd4996cb3dc -> 
  custom:CustomObjectIndexerAttribute: 3ead1caaecf1c488f20bcfeb224b6af5 -> 
  custom:container-demuxer-webm: 4f35f7cbe854078d1ac9338744f61a02 -> 
  custom:video-encoder-webm-vp8: eb34c28f22e8b96e1ab97ce403110664 -> 
========================================================================
Received Import Request.
  Time since last request: 81884.370297 seconds.
  path: Assets/NatureManufacture Assets/Coast Environment/Wooden Pales/Prefabs/Prefab_wooden_pales_1_03.prefab
  artifactKey: Guid(932c86b7d613857418aef6113350bfda) Importer(815301076,1909f56bfc062723c751e8b465ee728b)
Start importing Assets/NatureManufacture Assets/Coast Environment/Wooden Pales/Prefabs/Prefab_wooden_pales_1_03.prefab using Guid(932c86b7d613857418aef6113350bfda) Importer(815301076,1909f56bfc062723c751e8b465ee728b) [PhysX] Initialized MultithreadedTaskDispatcher with 32 workers.
[PhysX] Initialized MultithreadedTaskDispatcher with 32 workers.
 -> (artifact id: '2a9097218a35550980a9e997008c3cd2') in 3.243588 seconds
Number of updated asset objects reloaded before import = 0
Number of asset objects unloaded after import = 110
========================================================================
Received Import Request.
  Time since last request: 0.000028 seconds.
  path: Assets/NatureManufacture Assets/Coast Environment/Wooden Pales/Prefabs/Prefab_wooden_pales_1_05.prefab
  artifactKey: Guid(fb6297c91a55d634e880c6e69a4ce53f) Importer(815301076,1909f56bfc062723c751e8b465ee728b)
Start importing Assets/NatureManufacture Assets/Coast Environment/Wooden Pales/Prefabs/Prefab_wooden_pales_1_05.prefab using Guid(fb6297c91a55d634e880c6e69a4ce53f) Importer(815301076,1909f56bfc062723c751e8b465ee728b) [PhysX] Initialized MultithreadedTaskDispatcher with 32 workers.
[PhysX] Initialized MultithreadedTaskDispatcher with 32 workers.
 -> (artifact id: 'c76905738ba74f4c32492997ce8fdf62') in 0.131186 seconds
Number of updated asset objects reloaded before import = 0
Number of asset objects unloaded after import = 43
========================================================================
Received Import Request.
  Time since last request: 0.000044 seconds.
  path: Assets/NatureManufacture Assets/Coast Environment/Wooden Pales/Prefabs/Prefab_wooden_pales_2_02.prefab
  artifactKey: Guid(58a507ca6ae000742aa2f065adee8fe8) Importer(815301076,1909f56bfc062723c751e8b465ee728b)
Start importing Assets/NatureManufacture Assets/Coast Environment/Wooden Pales/Prefabs/Prefab_wooden_pales_2_02.prefab using Guid(58a507ca6ae000742aa2f065adee8fe8) Importer(815301076,1909f56bfc062723c751e8b465ee728b) [PhysX] Initialized MultithreadedTaskDispatcher with 32 workers.
[PhysX] Initialized MultithreadedTaskDispatcher with 32 workers.
 -> (artifact id: '21e3eec13d6ffcd4a483062c733490a7') in 0.123211 seconds
Number of updated asset objects reloaded before import = 0
Number of asset objects unloaded after import = 43
========================================================================
Received Import Request.
  Time since last request: 2.556616 seconds.
  path: Assets/NatureManufacture Assets/Coast Environment/Wooden Fence/Models/wooden_fence_C.fbx
  artifactKey: Guid(886a52bd350aae744844bc937b2c3208) Importer(815301076,1909f56bfc062723c751e8b465ee728b)
Start importing Assets/NatureManufacture Assets/Coast Environment/Wooden Fence/Models/wooden_fence_C.fbx using Guid(886a52bd350aae744844bc937b2c3208) Importer(815301076,1909f56bfc062723c751e8b465ee728b) [PhysX] Initialized MultithreadedTaskDispatcher with 32 workers.
[PhysX] Initialized MultithreadedTaskDispatcher with 32 workers.
[PhysX] Initialized MultithreadedTaskDispatcher with 32 workers.
[PhysX] Initialized MultithreadedTaskDispatcher with 32 workers.
[PhysX] Initialized MultithreadedTaskDispatcher with 32 workers.
[PhysX] Initialized MultithreadedTaskDispatcher with 32 workers.
[PhysX] Initialized MultithreadedTaskDispatcher with 32 workers.
[PhysX] Initialized MultithreadedTaskDispatcher with 32 workers.
 -> (artifact id: '1d5ef18f49222ff5bf0b8808850cc3e8') in 0.576450 seconds
Number of updated asset objects reloaded before import = 0
Number of asset objects unloaded after import = 25
========================================================================
Received Import Request.
  Time since last request: 0.000025 seconds.
  path: Assets/NatureManufacture Assets/Coast Environment/Wooden Fence/Models/wooden_fence_rope_span_A.fbx
  artifactKey: Guid(665d220180eb9f24e8da691f9a082c26) Importer(815301076,1909f56bfc062723c751e8b465ee728b)
Start importing Assets/NatureManufacture Assets/Coast Environment/Wooden Fence/Models/wooden_fence_rope_span_A.fbx using Guid(665d220180eb9f24e8da691f9a082c26) Importer(815301076,1909f56bfc062723c751e8b465ee728b) [PhysX] Initialized MultithreadedTaskDispatcher with 32 workers.
[PhysX] Initialized MultithreadedTaskDispatcher with 32 workers.
[PhysX] Initialized MultithreadedTaskDispatcher with 32 workers.
[PhysX] Initialized MultithreadedTaskDispatcher with 32 workers.
[PhysX] Initialized MultithreadedTaskDispatcher with 32 workers.
[PhysX] Initialized MultithreadedTaskDispatcher with 32 workers.
[PhysX] Initialized MultithreadedTaskDispatcher with 32 workers.
[PhysX] Initialized MultithreadedTaskDispatcher with 32 workers.
 -> (artifact id: '5bb3e7da13eb54fb04981edb170ebff8') in 0.055430 seconds
Number of updated asset objects reloaded before import = 0
Number of asset objects unloaded after import = 25
========================================================================
Received Import Request.
  Time since last request: 21.738822 seconds.
  path: Assets/NatureManufacture Assets/Coast Environment/Demo Scene/Coast Demo/Lightmap-0_comp_light.exr
  artifactKey: Guid(3f23f50b9c990a54bbb022a7e1c6a4eb) Importer(815301076,1909f56bfc062723c751e8b465ee728b)
Start importing Assets/NatureManufacture Assets/Coast Environment/Demo Scene/Coast Demo/Lightmap-0_comp_light.exr using Guid(3f23f50b9c990a54bbb022a7e1c6a4eb) Importer(815301076,1909f56bfc062723c751e8b465ee728b) [PhysX] Initialized MultithreadedTaskDispatcher with 32 workers.
[PhysX] Initialized MultithreadedTaskDispatcher with 32 workers.
 -> (artifact id: 'f4c714c620cbcdf74419da7cfdb3fdef') in 0.597363 seconds
Number of updated asset objects reloaded before import = 0
Number of asset objects unloaded after import = 2
========================================================================
Received Import Request.
  Time since last request: 0.048602 seconds.
  path: Assets/NatureManufacture Assets/Coast Environment/Demo Scene/Coast Demo/Lightmap-3_comp_light.exr
  artifactKey: Guid(ed64c72015adfc947aa9c0c6f241b41a) Importer(815301076,1909f56bfc062723c751e8b465ee728b)
Start importing Assets/NatureManufacture Assets/Coast Environment/Demo Scene/Coast Demo/Lightmap-3_comp_light.exr using Guid(ed64c72015adfc947aa9c0c6f241b41a) Importer(815301076,1909f56bfc062723c751e8b465ee728b) [PhysX] Initialized MultithreadedTaskDispatcher with 32 workers.
[PhysX] Initialized MultithreadedTaskDispatcher with 32 workers.
 -> (artifact id: '7d0a1a3d2da557a0dbb8ac5e3dbf68de') in 0.254417 seconds
Number of updated asset objects reloaded before import = 0
Number of asset objects unloaded after import = 2
========================================================================
Received Import Request.
  Time since last request: 1.848583 seconds.
  path: Assets/NatureManufacture Assets/Coast Environment/Demo Scene/Coast Demo/ReflectionProbe-2.exr
  artifactKey: Guid(052e4779babb3974aab87cb8d7efa5fe) Importer(815301076,1909f56bfc062723c751e8b465ee728b)
Start importing Assets/NatureManufacture Assets/Coast Environment/Demo Scene/Coast Demo/ReflectionProbe-2.exr using Guid(052e4779babb3974aab87cb8d7efa5fe) Importer(815301076,1909f56bfc062723c751e8b465ee728b) [PhysX] Initialized MultithreadedTaskDispatcher with 32 workers.
[PhysX] Initialized MultithreadedTaskDispatcher with 32 workers.
[PhysX] Initialized MultithreadedTaskDispatcher with 32 workers.
 -> (artifact id: '7de864ce1bcbe40489874389614e7a41') in 0.252188 seconds
Number of updated asset objects reloaded before import = 0
Number of asset objects unloaded after import = 1
========================================================================
Received Import Request.
  Time since last request: 0.000022 seconds.
  path: Assets/NatureManufacture Assets/Coast Environment/Demo Scene/Coast Demo/ReflectionProbe-7.exr
  artifactKey: Guid(fe78b36c1a96b614a8da398b44c34035) Importer(815301076,1909f56bfc062723c751e8b465ee728b)
Start importing Assets/NatureManufacture Assets/Coast Environment/Demo Scene/Coast Demo/ReflectionProbe-7.exr using Guid(fe78b36c1a96b614a8da398b44c34035) Importer(815301076,1909f56bfc062723c751e8b465ee728b) [PhysX] Initialized MultithreadedTaskDispatcher with 32 workers.
[PhysX] Initialized MultithreadedTaskDispatcher with 32 workers.
[PhysX] Initialized MultithreadedTaskDispatcher with 32 workers.
 -> (artifact id: '3c4023bf72ed9566d7540ed6fbccb0bf') in 0.012420 seconds
Number of updated asset objects reloaded before import = 0
Number of asset objects unloaded after import = 1
========================================================================
Received Import Request.
  Time since last request: 0.000024 seconds.
  path: Assets/NatureManufacture Assets/Coast Environment/Demo Scene/Coast Demo/ReflectionProbe-8.exr
  artifactKey: Guid(54cf02a613232534cba308ae2ac5a159) Importer(815301076,1909f56bfc062723c751e8b465ee728b)
Start importing Assets/NatureManufacture Assets/Coast Environment/Demo Scene/Coast Demo/ReflectionProbe-8.exr using Guid(54cf02a613232534cba308ae2ac5a159) Importer(815301076,1909f56bfc062723c751e8b465ee728b) [PhysX] Initialized MultithreadedTaskDispatcher with 32 workers.
[PhysX] Initialized MultithreadedTaskDispatcher with 32 workers.
[PhysX] Initialized MultithreadedTaskDispatcher with 32 workers.
 -> (artifact id: '79632e1d489be19fe58b3b6cd718144a') in 0.009796 seconds
Number of updated asset objects reloaded before import = 0
Number of asset objects unloaded after import = 1
========================================================================
Received Import Request.
  Time since last request: 0.000016 seconds.
  path: Assets/NatureManufacture Assets/Coast Environment/Demo Scene/Coast Demo/ReflectionProbe-9.exr
  artifactKey: Guid(0fbbca94eea9d014dbfe5e47abd8a356) Importer(815301076,1909f56bfc062723c751e8b465ee728b)
Start importing Assets/NatureManufacture Assets/Coast Environment/Demo Scene/Coast Demo/ReflectionProbe-9.exr using Guid(0fbbca94eea9d014dbfe5e47abd8a356) Importer(815301076,1909f56bfc062723c751e8b465ee728b) [PhysX] Initialized MultithreadedTaskDispatcher with 32 workers.
[PhysX] Initialized MultithreadedTaskDispatcher with 32 workers.
[PhysX] Initialized MultithreadedTaskDispatcher with 32 workers.
 -> (artifact id: '0b440b2c0402f4751376cc517a8d6077') in 0.011102 seconds
Number of updated asset objects reloaded before import = 0
Number of asset objects unloaded after import = 1
========================================================================
Received Import Request.
  Time since last request: 0.034121 seconds.
  path: Assets/NatureManufacture Assets/Coast Environment/Demo Scene/Coast Demo/ReflectionProbe-11.exr
  artifactKey: Guid(da1071c695cbdf64ba3dc1febcf2afc1) Importer(815301076,1909f56bfc062723c751e8b465ee728b)
Start importing Assets/NatureManufacture Assets/Coast Environment/Demo Scene/Coast Demo/ReflectionProbe-11.exr using Guid(da1071c695cbdf64ba3dc1febcf2afc1) Importer(815301076,1909f56bfc062723c751e8b465ee728b) [PhysX] Initialized MultithreadedTaskDispatcher with 32 workers.
[PhysX] Initialized MultithreadedTaskDispatcher with 32 workers.
[PhysX] Initialized MultithreadedTaskDispatcher with 32 workers.
 -> (artifact id: '2ec933b32741b8862fffcaa70b87b5ce') in 0.014795 seconds
Number of updated asset objects reloaded before import = 0
Number of asset objects unloaded after import = 1
========================================================================
Received Import Request.
  Time since last request: 0.022736 seconds.
  path: Assets/NatureManufacture Assets/Coast Environment/Demo Scene/Coast Demo/ReflectionProbe-14.exr
  artifactKey: Guid(f7a9aa2dfb69ec94e8ceb64a274a4f2b) Importer(815301076,1909f56bfc062723c751e8b465ee728b)
Start importing Assets/NatureManufacture Assets/Coast Environment/Demo Scene/Coast Demo/ReflectionProbe-14.exr using Guid(f7a9aa2dfb69ec94e8ceb64a274a4f2b) Importer(815301076,1909f56bfc062723c751e8b465ee728b) [PhysX] Initialized MultithreadedTaskDispatcher with 32 workers.
[PhysX] Initialized MultithreadedTaskDispatcher with 32 workers.
[PhysX] Initialized MultithreadedTaskDispatcher with 32 workers.
 -> (artifact id: '5b8b27fd1a9dd23a437476cf5737e1a5') in 0.122044 seconds
Number of updated asset objects reloaded before import = 0
Number of asset objects unloaded after import = 1
========================================================================
Received Import Request.
  Time since last request: 0.000037 seconds.
  path: Assets/NatureManufacture Assets/Coast Environment/Demo Scene/Coast Demo/ReflectionProbe-19.exr
  artifactKey: Guid(989e98bdeb49f374ca89f4869613804a) Importer(815301076,1909f56bfc062723c751e8b465ee728b)
Start importing Assets/NatureManufacture Assets/Coast Environment/Demo Scene/Coast Demo/ReflectionProbe-19.exr using Guid(989e98bdeb49f374ca89f4869613804a) Importer(815301076,1909f56bfc062723c751e8b465ee728b) [PhysX] Initialized MultithreadedTaskDispatcher with 32 workers.
[PhysX] Initialized MultithreadedTaskDispatcher with 32 workers.
[PhysX] Initialized MultithreadedTaskDispatcher with 32 workers.
 -> (artifact id: '960160f68cdba9130e0411fc7b227b02') in 0.068982 seconds
Number of updated asset objects reloaded before import = 0
Number of asset objects unloaded after import = 1
========================================================================
Received Import Request.
  Time since last request: 0.000029 seconds.
  path: Assets/NatureManufacture Assets/Coast Environment/Demo Scene/Coast Demo/ReflectionProbe-20.exr
  artifactKey: Guid(ff2196ae1239c9744950040b6af3c3dc) Importer(815301076,1909f56bfc062723c751e8b465ee728b)
Start importing Assets/NatureManufacture Assets/Coast Environment/Demo Scene/Coast Demo/ReflectionProbe-20.exr using Guid(ff2196ae1239c9744950040b6af3c3dc) Importer(815301076,1909f56bfc062723c751e8b465ee728b) [PhysX] Initialized MultithreadedTaskDispatcher with 32 workers.
[PhysX] Initialized MultithreadedTaskDispatcher with 32 workers.
[PhysX] Initialized MultithreadedTaskDispatcher with 32 workers.
 -> (artifact id: 'dfa062594d07638540c4766701b57a7c') in 0.010341 seconds
Number of updated asset objects reloaded before import = 0
Number of asset objects unloaded after import = 1
========================================================================
Received Import Request.
  Time since last request: 0.000026 seconds.
  path: Assets/NatureManufacture Assets/Coast Environment/Demo Scene/Coast Demo/ReflectionProbe-23.exr
  artifactKey: Guid(d72b2e63259bb9e4a9b8713169930613) Importer(815301076,1909f56bfc062723c751e8b465ee728b)
Start importing Assets/NatureManufacture Assets/Coast Environment/Demo Scene/Coast Demo/ReflectionProbe-23.exr using Guid(d72b2e63259bb9e4a9b8713169930613) Importer(815301076,1909f56bfc062723c751e8b465ee728b) [PhysX] Initialized MultithreadedTaskDispatcher with 32 workers.
[PhysX] Initialized MultithreadedTaskDispatcher with 32 workers.
[PhysX] Initialized MultithreadedTaskDispatcher with 32 workers.
 -> (artifact id: '33d89a159f614d5bf4b599be07f5e380') in 0.012705 seconds
Number of updated asset objects reloaded before import = 0
Number of asset objects unloaded after import = 1
========================================================================
Received Import Request.
  Time since last request: 0.441147 seconds.
  path: Assets/NatureManufacture Assets/Coast Environment/Demo Scene/Coast Demo/ReflectionProbe-32.exr
  artifactKey: Guid(405e20932ffde6444bbdbaf34836b63c) Importer(815301076,1909f56bfc062723c751e8b465ee728b)
Start importing Assets/NatureManufacture Assets/Coast Environment/Demo Scene/Coast Demo/ReflectionProbe-32.exr using Guid(405e20932ffde6444bbdbaf34836b63c) Importer(815301076,1909f56bfc062723c751e8b465ee728b) [PhysX] Initialized MultithreadedTaskDispatcher with 32 workers.
[PhysX] Initialized MultithreadedTaskDispatcher with 32 workers.
[PhysX] Initialized MultithreadedTaskDispatcher with 32 workers.
 -> (artifact id: 'fc1420e5d396e361bc53f67a1686bfc3') in 0.009944 seconds
Number of updated asset objects reloaded before import = 0
Number of asset objects unloaded after import = 1
========================================================================
Received Import Request.
  Time since last request: 0.008651 seconds.
  path: Assets/NatureManufacture Assets/Coast Environment/Demo Scene/Coast Demo/ReflectionProbe-34.exr
  artifactKey: Guid(f2e671d3a12b748428f732df80ac9a12) Importer(815301076,1909f56bfc062723c751e8b465ee728b)
Start importing Assets/NatureManufacture Assets/Coast Environment/Demo Scene/Coast Demo/ReflectionProbe-34.exr using Guid(f2e671d3a12b748428f732df80ac9a12) Importer(815301076,1909f56bfc062723c751e8b465ee728b) [PhysX] Initialized MultithreadedTaskDispatcher with 32 workers.
[PhysX] Initialized MultithreadedTaskDispatcher with 32 workers.
[PhysX] Initialized MultithreadedTaskDispatcher with 32 workers.
 -> (artifact id: '5b47419f53038ec6993b17e9ada8196c') in 0.101842 seconds
Number of updated asset objects reloaded before import = 0
Number of asset objects unloaded after import = 1
========================================================================
Received Import Request.
  Time since last request: 0.203750 seconds.
  path: Assets/NatureManufacture Assets/Coast Environment/Demo Scene/Coast Demo/ReflectionProbe-39.exr
  artifactKey: Guid(36be00b635297964fb133836f62bbb88) Importer(815301076,1909f56bfc062723c751e8b465ee728b)
Start importing Assets/NatureManufacture Assets/Coast Environment/Demo Scene/Coast Demo/ReflectionProbe-39.exr using Guid(36be00b635297964fb133836f62bbb88) Importer(815301076,1909f56bfc062723c751e8b465ee728b) [PhysX] Initialized MultithreadedTaskDispatcher with 32 workers.
[PhysX] Initialized MultithreadedTaskDispatcher with 32 workers.
[PhysX] Initialized MultithreadedTaskDispatcher with 32 workers.
 -> (artifact id: '5c240656e02dae06edfe025933fab61d') in 0.172223 seconds
Number of updated asset objects reloaded before import = 0
Number of asset objects unloaded after import = 1
========================================================================
Received Import Request.
  Time since last request: 0.246053 seconds.
  path: Assets/NatureManufacture Assets/Coast Environment/Demo Scene/Coast Demo/ReflectionProbe-43.exr
  artifactKey: Guid(ac0ef9cb9160980438b8b2835b2c781f) Importer(815301076,1909f56bfc062723c751e8b465ee728b)
Start importing Assets/NatureManufacture Assets/Coast Environment/Demo Scene/Coast Demo/ReflectionProbe-43.exr using Guid(ac0ef9cb9160980438b8b2835b2c781f) Importer(815301076,1909f56bfc062723c751e8b465ee728b) [PhysX] Initialized MultithreadedTaskDispatcher with 32 workers.
[PhysX] Initialized MultithreadedTaskDispatcher with 32 workers.
[PhysX] Initialized MultithreadedTaskDispatcher with 32 workers.
 -> (artifact id: 'f41746729a4e0daab512444ee6828573') in 0.064271 seconds
Number of updated asset objects reloaded before import = 0
Number of asset objects unloaded after import = 1
========================================================================
Received Import Request.
  Time since last request: 0.079627 seconds.
  path: Assets/NatureManufacture Assets/Coast Environment/Demo Scene/Coast Demo/ReflectionProbe-46.exr
  artifactKey: Guid(564b7561be693d445aad33b1f222d54a) Importer(815301076,1909f56bfc062723c751e8b465ee728b)
Start importing Assets/NatureManufacture Assets/Coast Environment/Demo Scene/Coast Demo/ReflectionProbe-46.exr using Guid(564b7561be693d445aad33b1f222d54a) Importer(815301076,1909f56bfc062723c751e8b465ee728b) [PhysX] Initialized MultithreadedTaskDispatcher with 32 workers.
[PhysX] Initialized MultithreadedTaskDispatcher with 32 workers.
[PhysX] Initialized MultithreadedTaskDispatcher with 32 workers.
 -> (artifact id: 'ab15c480371d5097a8b54a3b653d694b') in 0.123099 seconds
Number of updated asset objects reloaded before import = 0
Number of asset objects unloaded after import = 1
========================================================================
Received Import Request.
  Time since last request: 0.040262 seconds.
  path: Assets/NatureManufacture Assets/Coast Environment/Demo Scene/Coast Demo/ReflectionProbe-49.exr
  artifactKey: Guid(8327e666d529db241bf819dcb13b272f) Importer(815301076,1909f56bfc062723c751e8b465ee728b)
Start importing Assets/NatureManufacture Assets/Coast Environment/Demo Scene/Coast Demo/ReflectionProbe-49.exr using Guid(8327e666d529db241bf819dcb13b272f) Importer(815301076,1909f56bfc062723c751e8b465ee728b) [PhysX] Initialized MultithreadedTaskDispatcher with 32 workers.
[PhysX] Initialized MultithreadedTaskDispatcher with 32 workers.
[PhysX] Initialized MultithreadedTaskDispatcher with 32 workers.
 -> (artifact id: 'e8e3da8b900e52dacbe70f05438d25f1') in 0.146961 seconds
Number of updated asset objects reloaded before import = 0
Number of asset objects unloaded after import = 1
========================================================================
Received Import Request.
  Time since last request: 0.084907 seconds.
  path: Assets/NatureManufacture Assets/Coast Environment/Demo Scene/Coast Demo/ReflectionProbe-52.exr
  artifactKey: Guid(d6d81be7ca9def549859b2b545243fd0) Importer(815301076,1909f56bfc062723c751e8b465ee728b)
Start importing Assets/NatureManufacture Assets/Coast Environment/Demo Scene/Coast Demo/ReflectionProbe-52.exr using Guid(d6d81be7ca9def549859b2b545243fd0) Importer(815301076,1909f56bfc062723c751e8b465ee728b) [PhysX] Initialized MultithreadedTaskDispatcher with 32 workers.
[PhysX] Initialized MultithreadedTaskDispatcher with 32 workers.
[PhysX] Initialized MultithreadedTaskDispatcher with 32 workers.
 -> (artifact id: '1971acea916df77374fb74e1af4ad35e') in 0.051133 seconds
Number of updated asset objects reloaded before import = 0
Number of asset objects unloaded after import = 1
========================================================================
Received Import Request.
  Time since last request: 0.139367 seconds.
  path: Assets/NatureManufacture Assets/Coast Environment/Demo Scene/Coast Demo/ReflectionProbe-56.exr
  artifactKey: Guid(e13ca09183356fc4aaafdaad1b802aa9) Importer(815301076,1909f56bfc062723c751e8b465ee728b)
Start importing Assets/NatureManufacture Assets/Coast Environment/Demo Scene/Coast Demo/ReflectionProbe-56.exr using Guid(e13ca09183356fc4aaafdaad1b802aa9) Importer(815301076,1909f56bfc062723c751e8b465ee728b) [PhysX] Initialized MultithreadedTaskDispatcher with 32 workers.
[PhysX] Initialized MultithreadedTaskDispatcher with 32 workers.
[PhysX] Initialized MultithreadedTaskDispatcher with 32 workers.
 -> (artifact id: 'fc6dcfdb090f868cd4dcba7649955488') in 0.256519 seconds
Number of updated asset objects reloaded before import = 0
Number of asset objects unloaded after import = 1
========================================================================
Received Import Request.
  Time since last request: 0.356931 seconds.
  path: Assets/NatureManufacture Assets/Coast Environment/Demo Scene/Coast Overview/ReflectionProbe-0.exr
  artifactKey: Guid(b53989cab2dd02e4ba739b2a5013c10b) Importer(815301076,1909f56bfc062723c751e8b465ee728b)
Start importing Assets/NatureManufacture Assets/Coast Environment/Demo Scene/Coast Overview/ReflectionProbe-0.exr using Guid(b53989cab2dd02e4ba739b2a5013c10b) Importer(815301076,1909f56bfc062723c751e8b465ee728b) [PhysX] Initialized MultithreadedTaskDispatcher with 32 workers.
[PhysX] Initialized MultithreadedTaskDispatcher with 32 workers.
[PhysX] Initialized MultithreadedTaskDispatcher with 32 workers.
 -> (artifact id: 'dd525a86e885044ce4166bc97b632064') in 0.259182 seconds
Number of updated asset objects reloaded before import = 0
Number of asset objects unloaded after import = 1
========================================================================
Received Import Request.
  Time since last request: 8.193134 seconds.
  path: Assets/NatureManufacture Assets/Coast Environment/Details/Unity Terrain Prefabs/Prefab_seaweed_01_A_Unity_Terrain.prefab
  artifactKey: Guid(38edb4776a206d546b44d5821f68c835) Importer(815301076,1909f56bfc062723c751e8b465ee728b)
Start importing Assets/NatureManufacture Assets/Coast Environment/Details/Unity Terrain Prefabs/Prefab_seaweed_01_A_Unity_Terrain.prefab using Guid(38edb4776a206d546b44d5821f68c835) Importer(815301076,1909f56bfc062723c751e8b465ee728b) [PhysX] Initialized MultithreadedTaskDispatcher with 32 workers.
[PhysX] Initialized MultithreadedTaskDispatcher with 32 workers.
 -> (artifact id: '44c8399c45cda532ac41bf66c334e335') in 1.378714 seconds
Number of updated asset objects reloaded before import = 0
Number of asset objects unloaded after import = 12
========================================================================
Received Import Request.
  Time since last request: 0.000028 seconds.
  path: Assets/NatureManufacture Assets/Coast Environment/Details/Unity Terrain Prefabs/Prefab_shells_01_B_Unity_Terrain.prefab
  artifactKey: Guid(bdaccc5bbde3ba04a8a5d233ccc22a1d) Importer(815301076,1909f56bfc062723c751e8b465ee728b)
Start importing Assets/NatureManufacture Assets/Coast Environment/Details/Unity Terrain Prefabs/Prefab_shells_01_B_Unity_Terrain.prefab using Guid(bdaccc5bbde3ba04a8a5d233ccc22a1d) Importer(815301076,1909f56bfc062723c751e8b465ee728b) [PhysX] Initialized MultithreadedTaskDispatcher with 32 workers.
[PhysX] Initialized MultithreadedTaskDispatcher with 32 workers.
 -> (artifact id: '1e33379c2f63bf6e27f312f576070e1c') in 0.052872 seconds
Number of updated asset objects reloaded before import = 0
Number of asset objects unloaded after import = 12
========================================================================
Received Import Request.
  Time since last request: 4.336773 seconds.
  path: Assets/NatureManufacture Assets/Coast Environment/Oak Trees/Prefabs/Prefab_dry_oak_01_C.prefab
  artifactKey: Guid(7469eead5445f374e934b1893f001582) Importer(815301076,1909f56bfc062723c751e8b465ee728b)
Start importing Assets/NatureManufacture Assets/Coast Environment/Oak Trees/Prefabs/Prefab_dry_oak_01_C.prefab using Guid(7469eead5445f374e934b1893f001582) Importer(815301076,1909f56bfc062723c751e8b465ee728b) [PhysX] Initialized MultithreadedTaskDispatcher with 32 workers.
[PhysX] Initialized MultithreadedTaskDispatcher with 32 workers.
 -> (artifact id: '4f5cf7d036d30ddabf66c2d77f95d356') in 6.428709 seconds
Number of updated asset objects reloaded before import = 0
Number of asset objects unloaded after import = 65
========================================================================
Received Import Request.
  Time since last request: 0.000051 seconds.
  path: Assets/NatureManufacture Assets/Coast Environment/VFX/Prefabs/Textures/T_particle_litter_01_BC_O.png
  artifactKey: Guid(1e611923d956ef448be7784be3620c64) Importer(815301076,1909f56bfc062723c751e8b465ee728b)
Start importing Assets/NatureManufacture Assets/Coast Environment/VFX/Prefabs/Textures/T_particle_litter_01_BC_O.png using Guid(1e611923d956ef448be7784be3620c64) Importer(815301076,1909f56bfc062723c751e8b465ee728b) [PhysX] Initialized MultithreadedTaskDispatcher with 32 workers.
[PhysX] Initialized MultithreadedTaskDispatcher with 32 workers.
 -> (artifact id: '52f3cc9a2fa16d50e6ef03f3e5232ae0') in 0.199135 seconds
Number of updated asset objects reloaded before import = 0
Number of asset objects unloaded after import = 2
========================================================================
Received Import Request.
  Time since last request: 0.000025 seconds.
  path: Assets/NatureManufacture Assets/Coast Environment/Oak Trees/Prefabs/Prefab_dry_oak_02_D.prefab
  artifactKey: Guid(8b8d4522dab736b4781bd768caeb6e02) Importer(815301076,1909f56bfc062723c751e8b465ee728b)
Start importing Assets/NatureManufacture Assets/Coast Environment/Oak Trees/Prefabs/Prefab_dry_oak_02_D.prefab using Guid(8b8d4522dab736b4781bd768caeb6e02) Importer(815301076,1909f56bfc062723c751e8b465ee728b) [PhysX] Initialized MultithreadedTaskDispatcher with 32 workers.
[PhysX] Initialized MultithreadedTaskDispatcher with 32 workers.
 -> (artifact id: 'da24cbb28a5714f3178af6758d21eeb3') in 1.152439 seconds
Number of updated asset objects reloaded before import = 0
Number of asset objects unloaded after import = 65
========================================================================
Received Import Request.
  Time since last request: 0.000068 seconds.
  path: Assets/NatureManufacture Assets/Coast Environment/VFX/Prefabs/Prefab_particle_sand_gust_vertical_soft.prefab
  artifactKey: Guid(cb9579a99b311e349a26b68e93114952) Importer(815301076,1909f56bfc062723c751e8b465ee728b)
Start importing Assets/NatureManufacture Assets/Coast Environment/VFX/Prefabs/Prefab_particle_sand_gust_vertical_soft.prefab using Guid(cb9579a99b311e349a26b68e93114952) Importer(815301076,1909f56bfc062723c751e8b465ee728b) [PhysX] Initialized MultithreadedTaskDispatcher with 32 workers.
[PhysX] Initialized MultithreadedTaskDispatcher with 32 workers.
 -> (artifact id: '71a53df6cccf1d7b05ab8a5066d11644') in 1.285581 seconds
Number of updated asset objects reloaded before import = 0
Number of asset objects unloaded after import = 19
========================================================================
Received Import Request.
  Time since last request: 35.864849 seconds.
  path: Assets/NatureManufacture Assets/River Auto Material 3/Profiles/River Profiles/R3_Profile_River_Reflective_Slow.asset
  artifactKey: Guid(5ddaef7a5a6485143bb6a5fdef0dfc3a) Importer(815301076,1909f56bfc062723c751e8b465ee728b)
Start importing Assets/NatureManufacture Assets/River Auto Material 3/Profiles/River Profiles/R3_Profile_River_Reflective_Slow.asset using Guid(5ddaef7a5a6485143bb6a5fdef0dfc3a) Importer(815301076,1909f56bfc062723c751e8b465ee728b) [PhysX] Initialized MultithreadedTaskDispatcher with 32 workers.
 -> (artifact id: '2aad6704427c9794e833d7c371260475') in 0.085735 seconds
Number of updated asset objects reloaded before import = 0
Number of asset objects unloaded after import = 4
========================================================================
Received Import Request.
  Time since last request: 0.000025 seconds.
  path: Assets/NatureManufacture Assets/River Auto Material 3/Profiles/River Profiles/R3_Profile_River_Swamp_Mobile.asset
  artifactKey: Guid(e1b7c4318e6c1ce4a86e3b0fb0b83236) Importer(815301076,1909f56bfc062723c751e8b465ee728b)
Start importing Assets/NatureManufacture Assets/River Auto Material 3/Profiles/River Profiles/R3_Profile_River_Swamp_Mobile.asset using Guid(e1b7c4318e6c1ce4a86e3b0fb0b83236) Importer(815301076,1909f56bfc062723c751e8b465ee728b) [PhysX] Initialized MultithreadedTaskDispatcher with 32 workers.
 -> (artifact id: 'c61211aa507ba219ecfe6443994d6736') in 0.033650 seconds
Number of updated asset objects reloaded before import = 0
Number of asset objects unloaded after import = 3
========================================================================
Received Import Request.
  Time since last request: 6.525413 seconds.
  path: Assets/NatureManufacture Assets/River Auto Material 3/Profiles/Waterfall Profiles/R3_Waterfall_Bumping_long.asset
  artifactKey: Guid(e9f048100ae013443922e625806f54b6) Importer(815301076,1909f56bfc062723c751e8b465ee728b)
Start importing Assets/NatureManufacture Assets/River Auto Material 3/Profiles/Waterfall Profiles/R3_Waterfall_Bumping_long.asset using Guid(e9f048100ae013443922e625806f54b6) Importer(815301076,1909f56bfc062723c751e8b465ee728b) [PhysX] Initialized MultithreadedTaskDispatcher with 32 workers.
 -> (artifact id: '4aad63b1c245180c90454072a8d62472') in 0.002285 seconds
Number of updated asset objects reloaded before import = 0
Number of asset objects unloaded after import = 2
========================================================================
Received Import Request.
  Time since last request: 3.601955 seconds.
  path: Assets/NatureManufacture Assets/River Auto Material 3/Profiles/Road Profiles/R3_Road Profile.asset
  artifactKey: Guid(21497694b2aae16469b303c4059bb8cc) Importer(815301076,1909f56bfc062723c751e8b465ee728b)
Start importing Assets/NatureManufacture Assets/River Auto Material 3/Profiles/Road Profiles/R3_Road Profile.asset using Guid(21497694b2aae16469b303c4059bb8cc) Importer(815301076,1909f56bfc062723c751e8b465ee728b) [PhysX] Initialized MultithreadedTaskDispatcher with 32 workers.
 -> (artifact id: '5610aa07c0c3f4f40f0cc7f854790420') in 0.012435 seconds
Number of updated asset objects reloaded before import = 0
Number of asset objects unloaded after import = 3
Editor requested this worker to shutdown with reason: Scaling down because of idle timeout
TcpMessagingSession - receive error: operation aborted. errorcode: 995, details: Der E/A-Vorgang wurde wegen eines Threadendes oder einer Anwendungsanforderung abgebrochen.
AssetImportWorker is now disconnected from the server
Process exiting
Exiting without the bug reporter. Application will terminate with return code 0