Using pre-set license
Built from '2022.3/staging' branch; Version is '2022.3.62f1 (4af31df58517) revision 4911901'; Using compiler version '192829333'; Build Type 'Release'
OS: 'Windows 11  (10.0.26100) 64bit Professional' Language: 'de' Physical Memory: 32688 MB
BatchMode: 1, IsHumanControllingUs: 0, StartBugReporterOnCrash: 0, Is64bit: 1, IsPro: 1

COMMAND LINE ARGUMENTS:
C:\Program Files\Unity\Hub\Editor\2022.3.62f1\Editor\Unity.exe
-adb2
-batchMode
-noUpm
-name
AssetImportWorker2
-projectPath
F:/VR_olfactory_SG_SS25
-logFile
Logs/AssetImportWorker2.log
-srvPort
31288
Successfully changed project path to: F:/VR_olfactory_SG_SS25
F:/VR_olfactory_SG_SS25
[UnityMemory] Configuration Parameters - Can be set up in boot.config
    "memorysetup-bucket-allocator-granularity=16"
    "memorysetup-bucket-allocator-bucket-count=8"
    "memorysetup-bucket-allocator-block-size=33554432"
    "memorysetup-bucket-allocator-block-count=8"
    "memorysetup-main-allocator-block-size=16777216"
    "memorysetup-thread-allocator-block-size=16777216"
    "memorysetup-gfx-main-allocator-block-size=16777216"
    "memorysetup-gfx-thread-allocator-block-size=16777216"
    "memorysetup-cache-allocator-block-size=4194304"
    "memorysetup-typetree-allocator-block-size=2097152"
    "memorysetup-profiler-bucket-allocator-granularity=16"
    "memorysetup-profiler-bucket-allocator-bucket-count=8"
    "memorysetup-profiler-bucket-allocator-block-size=33554432"
    "memorysetup-profiler-bucket-allocator-block-count=8"
    "memorysetup-profiler-allocator-block-size=16777216"
    "memorysetup-profiler-editor-allocator-block-size=1048576"
    "memorysetup-temp-allocator-size-main=16777216"
    "memorysetup-job-temp-allocator-block-size=2097152"
    "memorysetup-job-temp-allocator-block-size-background=1048576"
    "memorysetup-job-temp-allocator-reduction-small-platforms=262144"
    "memorysetup-allocator-temp-initial-block-size-main=262144"
    "memorysetup-allocator-temp-initial-block-size-worker=262144"
    "memorysetup-temp-allocator-size-background-worker=32768"
    "memorysetup-temp-allocator-size-job-worker=262144"
    "memorysetup-temp-allocator-size-preload-manager=33554432"
    "memorysetup-temp-allocator-size-nav-mesh-worker=65536"
    "memorysetup-temp-allocator-size-audio-worker=65536"
    "memorysetup-temp-allocator-size-cloud-worker=32768"
    "memorysetup-temp-allocator-size-gi-baking-worker=262144"
    "memorysetup-temp-allocator-size-gfx=262144"
Player connection [38556]  Target information:

Player connection [38556]  * "[IP] 192.168.219.1 [Port] 0 [Flags] 2 [Guid] 1406592407 [EditorId] 1406592407 [Version] 1048832 [Id] WindowsEditor(7,DESKTOP-HUEKJSI) [Debug] 1 [PackageName] WindowsEditor [ProjectName] Editor" 

Player connection [38556]  * "[IP] 192.168.207.1 [Port] 0 [Flags] 2 [Guid] 1406592407 [EditorId] 1406592407 [Version] 1048832 [Id] WindowsEditor(7,DESKTOP-HUEKJSI) [Debug] 1 [PackageName] WindowsEditor [ProjectName] Editor" 

Player connection [38556]  * "[IP] 192.168.111.97 [Port] 0 [Flags] 2 [Guid] 1406592407 [EditorId] 1406592407 [Version] 1048832 [Id] WindowsEditor(7,DESKTOP-HUEKJSI) [Debug] 1 [PackageName] WindowsEditor [ProjectName] Editor" 

Player connection [38556]  * "[IP] 172.31.16.1 [Port] 0 [Flags] 2 [Guid] 1406592407 [EditorId] 1406592407 [Version] 1048832 [Id] WindowsEditor(7,DESKTOP-HUEKJSI) [Debug] 1 [PackageName] WindowsEditor [ProjectName] Editor" 

Player connection [38556] Host joined multi-casting on [225.0.0.222:54997]...
Player connection [38556] Host joined alternative multi-casting on [225.0.0.222:34997]...
Input System module state changed to: Initialized.
[PhysX] Initialized MultithreadedTaskDispatcher with 32 workers.
Refreshing native plugins compatible for Editor in 26.54 ms, found 12 plugins.
Preloading 0 native plugins for Editor in 0.00 ms.
Initialize engine version: 2022.3.62f1 (4af31df58517)
[Subsystems] Discovering subsystems at path C:/Program Files/Unity/Hub/Editor/2022.3.62f1/Editor/Data/Resources/UnitySubsystems
[Subsystems] Discovering subsystems at path F:/VR_olfactory_SG_SS25/Assets
GfxDevice: creating device client; threaded=0; jobified=0
Direct3D:
    Version:  Direct3D 11.0 [level 11.1]
    Renderer: NVIDIA GeForce RTX 4090 (ID=0x2684)
    Vendor:   NVIDIA
    VRAM:     24142 MB
    Driver:   32.0.15.8097
Shader 'Fristy/Nature/Leaves': fallback shader 'TransparentCutout' not found
Shader 'Fristy/Nature/Leaves 2': fallback shader 'TransparentCutout' not found
Shader 'Fristy/Nature/Leaves 2': fallback shader 'TransparentCutout' not found
Shader 'Fristy/Nature/Leaves': fallback shader 'TransparentCutout' not found
Initialize mono
Mono path[0] = 'C:/Program Files/Unity/Hub/Editor/2022.3.62f1/Editor/Data/Managed'
Mono path[1] = 'C:/Program Files/Unity/Hub/Editor/2022.3.62f1/Editor/Data/MonoBleedingEdge/lib/mono/unityjit-win32'
Mono config path = 'C:/Program Files/Unity/Hub/Editor/2022.3.62f1/Editor/Data/MonoBleedingEdge/etc'
Using monoOptions --debugger-agent=transport=dt_socket,embedding=1,server=y,suspend=n,address=127.0.0.1:56972
Begin MonoManager ReloadAssembly
Registering precompiled unity dll's ...
Register platform support module: C:/Program Files/Unity/Hub/Editor/2022.3.62f1/Editor/Data/PlaybackEngines/WindowsStandaloneSupport/UnityEditor.WindowsStandalone.Extensions.dll
Registered in 0.005932 seconds.
- Loaded All Assemblies, in  0.595 seconds
Native extension for WindowsStandalone target not found
Mono: successfully reloaded assembly
- Finished resetting the current domain, in  0.219 seconds
Domain Reload Profiling: 812ms
	BeginReloadAssembly (401ms)
		ExecutionOrderSort (0ms)
		DisableScriptedObjects (0ms)
		BackupInstance (0ms)
		ReleaseScriptingObjects (0ms)
		CreateAndSetChildDomain (1ms)
	RebuildCommonClasses (26ms)
	RebuildNativeTypeToScriptingClass (7ms)
	initialDomainReloadingComplete (50ms)
	LoadAllAssembliesAndSetupDomain (107ms)
		LoadAssemblies (399ms)
		RebuildTransferFunctionScriptingTraits (0ms)
		AnalyzeDomain (105ms)
			TypeCache.Refresh (104ms)
				TypeCache.ScanAssembly (95ms)
			ScanForSourceGeneratedMonoScriptInfo (0ms)
			ResolveRequiredComponents (0ms)
	FinalizeReload (219ms)
		ReleaseScriptCaches (0ms)
		RebuildScriptCaches (0ms)
		SetupLoadedEditorAssemblies (181ms)
			LogAssemblyErrors (0ms)
			InitializePlatformSupportModulesInManaged (8ms)
			SetLoadedEditorAssemblies (6ms)
			RefreshPlugins (0ms)
			BeforeProcessingInitializeOnLoad (2ms)
			ProcessInitializeOnLoadAttributes (127ms)
			ProcessInitializeOnLoadMethodAttributes (39ms)
			AfterProcessingInitializeOnLoad (0ms)
			EditorAssembliesLoaded (0ms)
		ExecutionOrderSort2 (0ms)
		AwakeInstancesAfterBackupRestoration (0ms)
========================================================================
Worker process is ready to serve import requests
Caller must complete domain reload
Begin MonoManager ReloadAssembly
- Loaded All Assemblies, in  1.146 seconds
Native extension for WindowsStandalone target not found
Package Manager log level set to [2]
[Package Manager] Server::EnsureServerProcessIsRunning -- launch failed, reason: Unity was launched with the -noUpm command-line argument
[Package Manager] UpmClient::Send -- Unable to send message (not connected to UPM process).
[Package Manager] Cannot connect to Unity Package Manager local server
Mono: successfully reloaded assembly
[Package Manager] Server::EnsureServerProcessIsRunning -- launch failed, reason: Unity was launched with the -noUpm command-line argument
[Package Manager] UpmClient::Send -- Unable to send message (not connected to UPM process).
[Package Manager] Cannot connect to Unity Package Manager local server
[Package Manager] Server::EnsureServerProcessIsRunning -- launch failed, reason: Unity was launched with the -noUpm command-line argument
[Package Manager] UpmClient::Send -- Unable to send message (not connected to UPM process).
[Package Manager] Cannot connect to Unity Package Manager local server
- Finished resetting the current domain, in  2.812 seconds
Domain Reload Profiling: 3955ms
	BeginReloadAssembly (130ms)
		ExecutionOrderSort (0ms)
		DisableScriptedObjects (4ms)
		BackupInstance (0ms)
		ReleaseScriptingObjects (0ms)
		CreateAndSetChildDomain (21ms)
	RebuildCommonClasses (30ms)
	RebuildNativeTypeToScriptingClass (8ms)
	initialDomainReloadingComplete (31ms)
	LoadAllAssembliesAndSetupDomain (945ms)
		LoadAssemblies (659ms)
		RebuildTransferFunctionScriptingTraits (0ms)
		AnalyzeDomain (363ms)
			TypeCache.Refresh (290ms)
				TypeCache.ScanAssembly (268ms)
			ScanForSourceGeneratedMonoScriptInfo (52ms)
			ResolveRequiredComponents (18ms)
	FinalizeReload (2812ms)
		ReleaseScriptCaches (0ms)
		RebuildScriptCaches (0ms)
		SetupLoadedEditorAssemblies (2547ms)
			LogAssemblyErrors (0ms)
			InitializePlatformSupportModulesInManaged (5ms)
			SetLoadedEditorAssemblies (7ms)
			RefreshPlugins (0ms)
			BeforeProcessingInitializeOnLoad (138ms)
			ProcessInitializeOnLoadAttributes (701ms)
			ProcessInitializeOnLoadMethodAttributes (1687ms)
			AfterProcessingInitializeOnLoad (9ms)
			EditorAssembliesLoaded (0ms)
		ExecutionOrderSort2 (0ms)
		AwakeInstancesAfterBackupRestoration (5ms)
WARNING: Shader Unsupported: 'Hidden/Universal Render Pipeline/Terrain/Lit (Base Pass)' - All subshaders removed
WARNING: Shader Did you use #pragma only_renderers and omit this platform?
WARNING: Shader If subshaders removal was intentional, you may have forgotten turning Fallback off?
WARNING: Shader Unsupported: 'Hidden/Universal Render Pipeline/Terrain/Lit (Base Pass)' - All subshaders removed
WARNING: Shader Did you use #pragma only_renderers and omit this platform?
WARNING: Shader If subshaders removal was intentional, you may have forgotten turning Fallback off?
WARNING: Shader Unsupported: 'Universal Render Pipeline/Terrain/Lit' - All subshaders removed
WARNING: Shader Did you use #pragma only_renderers and omit this platform?
WARNING: Shader If subshaders removal was intentional, you may have forgotten turning Fallback off?
WARNING: Shader Unsupported: 'Universal Render Pipeline/Terrain/Lit' - All subshaders removed
WARNING: Shader Did you use #pragma only_renderers and omit this platform?
WARNING: Shader If subshaders removal was intentional, you may have forgotten turning Fallback off?
WARNING: Shader Unsupported: 'Hidden/Builtin_TerrainVisualization' - All subshaders removed
WARNING: Shader Did you use #pragma only_renderers and omit this platform?
WARNING: Shader If subshaders removal was intentional, you may have forgotten turning Fallback off?
WARNING: Shader Unsupported: 'Hidden/Builtin_TerrainVisualization' - All subshaders removed
WARNING: Shader Did you use #pragma only_renderers and omit this platform?
WARNING: Shader If subshaders removal was intentional, you may have forgotten turning Fallback off?
Shader 'Fristy/Nature/Leaves': fallback shader 'TransparentCutout' not found
Shader 'Fristy/Nature/Leaves 2': fallback shader 'TransparentCutout' not found
Shader 'Fristy/Nature/Leaves 2': fallback shader 'TransparentCutout' not found
Shader 'Fristy/Nature/Leaves': fallback shader 'TransparentCutout' not found
Launched and connected shader compiler UnityShaderCompiler.exe after 0.10 seconds
Refreshing native plugins compatible for Editor in 19.23 ms, found 12 plugins.
Preloading 0 native plugins for Editor in 0.00 ms.
Unloading 9644 Unused Serialized files (Serialized files now loaded: 0)
Unloading 168 unused Assets / (7.0 MB). Loaded Objects now: 10172.
Memory consumption went from 0.63 GB to 0.63 GB.
Total: 12.588400 ms (FindLiveObjects: 0.617400 ms CreateObjectMapping: 0.256400 ms MarkObjects: 9.733600 ms  DeleteObjects: 1.980000 ms)

AssetImportParameters requested are different than current active one (requested -> active):
  custom:container-demuxer-ogg: 62fdf1f143b41e24485cea50d1cbac27 -> 
  custom:framework-win-MediaFoundation: 216162199b28c13a410421893ffa2e32 -> 
  custom:container-muxer-webm: aa71ff27fc2769a1b78a27578f13a17b -> 
  custom:video-decoder-webm-vp8: 9c59270c3fd7afecdb556c50c9e8de78 -> 
  custom:SearchIndexIgnoredProperties: e643bd26f0fe6173181afceb89e7c659 -> 
  custom:AudioImporter_EditorPlatform: d09bf68614088b80899f8185d706f6e7 -> 
  custom:audio-decoder-ogg-vorbis: bf7c407c2cedff20999df2af8eb42d56 -> 
  custom:audio-encoder-webm-vorbis: bf7c407c2cedff20999df2af8eb42d56 -> 
  custom:video-codec-MediaFoundation-h265: 746d11721c4dcdbdad8f713fa42b33f4 -> 
  custom:video-decoder-ogg-theora: a1e56fd34408186e4bbccfd4996cb3dc -> 
  custom:CustomObjectIndexerAttribute: 3ead1caaecf1c488f20bcfeb224b6af5 -> 
  custom:container-demuxer-webm: 4f35f7cbe854078d1ac9338744f61a02 -> 
  custom:video-encoder-webm-vp8: eb34c28f22e8b96e1ab97ce403110664 -> 
========================================================================
Received Import Request.
  Time since last request: 28069.689956 seconds.
  path: Assets/AudioFiles/mixkit-dry-leaves-rustling-2430.wav
  artifactKey: Guid(ca9a97fbf33fb7242a507322462adc9e) Importer(815301076,1909f56bfc062723c751e8b465ee728b)
Start importing Assets/AudioFiles/mixkit-dry-leaves-rustling-2430.wav using Guid(ca9a97fbf33fb7242a507322462adc9e) Importer(815301076,1909f56bfc062723c751e8b465ee728b) [PhysX] Initialized MultithreadedTaskDispatcher with 32 workers.
[PhysX] Initialized MultithreadedTaskDispatcher with 32 workers.
 -> (artifact id: 'a460bf361ba4ad628d62e9237f8e059a') in 0.145543 seconds
Number of updated asset objects reloaded before import = 0
Number of asset objects unloaded after import = 2
========================================================================
Received Import Request.
  Time since last request: 0.000027 seconds.
  path: Assets/AudioFiles/mixkit-forest-birds-chirp-ambiance-69.wav
  artifactKey: Guid(d8282c651263f32458131c309a1c7144) Importer(815301076,1909f56bfc062723c751e8b465ee728b)
Start importing Assets/AudioFiles/mixkit-forest-birds-chirp-ambiance-69.wav using Guid(d8282c651263f32458131c309a1c7144) Importer(815301076,1909f56bfc062723c751e8b465ee728b) [PhysX] Initialized MultithreadedTaskDispatcher with 32 workers.
[PhysX] Initialized MultithreadedTaskDispatcher with 32 workers.
 -> (artifact id: '9ad74a2669cc70f4df0c64b014357e89') in 0.014601 seconds
Number of updated asset objects reloaded before import = 0
Number of asset objects unloaded after import = 2
========================================================================
Received Import Request.
  Time since last request: 0.000016 seconds.
  path: Assets/AudioFiles/mixkit-summer-night-in-the-forest-1227.wav
  artifactKey: Guid(4a32f5193c2bbf84ab4bfd39174619fa) Importer(815301076,1909f56bfc062723c751e8b465ee728b)
Start importing Assets/AudioFiles/mixkit-summer-night-in-the-forest-1227.wav using Guid(4a32f5193c2bbf84ab4bfd39174619fa) Importer(815301076,1909f56bfc062723c751e8b465ee728b) [PhysX] Initialized MultithreadedTaskDispatcher with 32 workers.
[PhysX] Initialized MultithreadedTaskDispatcher with 32 workers.
 -> (artifact id: '25b5924848428e50ad4c585779c09ceb') in 0.014073 seconds
Number of updated asset objects reloaded before import = 0
Number of asset objects unloaded after import = 2
========================================================================
Received Import Request.
  Time since last request: 0.000017 seconds.
  path: Assets/AudioFiles/mixkit-footsteps-in-the-forest-ground-1230.wav
  artifactKey: Guid(277c70b4e2d9ef64cbade19b4b2918a5) Importer(815301076,1909f56bfc062723c751e8b465ee728b)
Start importing Assets/AudioFiles/mixkit-footsteps-in-the-forest-ground-1230.wav using Guid(277c70b4e2d9ef64cbade19b4b2918a5) Importer(815301076,1909f56bfc062723c751e8b465ee728b) [PhysX] Initialized MultithreadedTaskDispatcher with 32 workers.
[PhysX] Initialized MultithreadedTaskDispatcher with 32 workers.
 -> (artifact id: '09e8bad1540a30c11010f9b40d4f0f5f') in 0.012961 seconds
Number of updated asset objects reloaded before import = 0
Number of asset objects unloaded after import = 2
========================================================================
Received Import Request.
  Time since last request: 292.105857 seconds.
  path: Assets/CityGen3D/Materials/Decals/RoadMarkingBlockHorizontal.mat
  artifactKey: Guid(efd446f3768d38449aa513be3d737161) Importer(815301076,1909f56bfc062723c751e8b465ee728b)
Start importing Assets/CityGen3D/Materials/Decals/RoadMarkingBlockHorizontal.mat using Guid(efd446f3768d38449aa513be3d737161) Importer(815301076,1909f56bfc062723c751e8b465ee728b) [PhysX] Initialized MultithreadedTaskDispatcher with 32 workers.
[PhysX] Initialized MultithreadedTaskDispatcher with 32 workers.
 -> (artifact id: '8944cf051eac9d1f2a027ddbedad9a16') in 1.111646 seconds
Number of updated asset objects reloaded before import = 0
Number of asset objects unloaded after import = 71
========================================================================
Received Import Request.
  Time since last request: 0.000051 seconds.
  path: Assets/CityGen3D/Materials/Decals/RoadMarkingDoubleYellow.mat
  artifactKey: Guid(cd939bba770f7214eb50da592195953a) Importer(815301076,1909f56bfc062723c751e8b465ee728b)
Start importing Assets/CityGen3D/Materials/Decals/RoadMarkingDoubleYellow.mat using Guid(cd939bba770f7214eb50da592195953a) Importer(815301076,1909f56bfc062723c751e8b465ee728b) [PhysX] Initialized MultithreadedTaskDispatcher with 32 workers.
[PhysX] Initialized MultithreadedTaskDispatcher with 32 workers.
 -> (artifact id: '32e7cf4d7ec350e27c2eb7dfda8d36f6') in 0.017510 seconds
Number of updated asset objects reloaded before import = 0
Number of asset objects unloaded after import = 4
========================================================================
Received Import Request.
  Time since last request: 0.000039 seconds.
  path: Assets/CityGen3D/Materials/Decals/RoadMarkingSingleGapWhite.mat
  artifactKey: Guid(b6ba222c7f5af2642920a68ad4c9f5ea) Importer(815301076,1909f56bfc062723c751e8b465ee728b)
Start importing Assets/CityGen3D/Materials/Decals/RoadMarkingSingleGapWhite.mat using Guid(b6ba222c7f5af2642920a68ad4c9f5ea) Importer(815301076,1909f56bfc062723c751e8b465ee728b) [PhysX] Initialized MultithreadedTaskDispatcher with 32 workers.
[PhysX] Initialized MultithreadedTaskDispatcher with 32 workers.
 -> (artifact id: 'ffac011ddd6bf71ba0ecc66aaac6602f') in 0.016190 seconds
Number of updated asset objects reloaded before import = 0
Number of asset objects unloaded after import = 4
========================================================================
Received Prepare
Caller must complete domain reload
Begin MonoManager ReloadAssembly
- Loaded All Assemblies, in  0.542 seconds
Native extension for WindowsStandalone target not found
[Package Manager] Server::EnsureServerProcessIsRunning -- launch failed, reason: Unity was launched with the -noUpm command-line argument
[Package Manager] UpmClient::Send -- Unable to send message (not connected to UPM process).
[Package Manager] Cannot connect to Unity Package Manager local server
Mono: successfully reloaded assembly
[Package Manager] Server::EnsureServerProcessIsRunning -- launch failed, reason: Unity was launched with the -noUpm command-line argument
[Package Manager] UpmClient::Send -- Unable to send message (not connected to UPM process).
[Package Manager] Cannot connect to Unity Package Manager local server
- Finished resetting the current domain, in  1.782 seconds
Domain Reload Profiling: 2322ms
	BeginReloadAssembly (206ms)
		ExecutionOrderSort (0ms)
		DisableScriptedObjects (27ms)
		BackupInstance (0ms)
		ReleaseScriptingObjects (0ms)
		CreateAndSetChildDomain (65ms)
	RebuildCommonClasses (23ms)
	RebuildNativeTypeToScriptingClass (8ms)
	initialDomainReloadingComplete (24ms)
	LoadAllAssembliesAndSetupDomain (279ms)
		LoadAssemblies (285ms)
		RebuildTransferFunctionScriptingTraits (0ms)
		AnalyzeDomain (62ms)
			TypeCache.Refresh (10ms)
				TypeCache.ScanAssembly (1ms)
			ScanForSourceGeneratedMonoScriptInfo (37ms)
			ResolveRequiredComponents (13ms)
	FinalizeReload (1783ms)
		ReleaseScriptCaches (0ms)
		RebuildScriptCaches (0ms)
		SetupLoadedEditorAssemblies (611ms)
			LogAssemblyErrors (0ms)
			InitializePlatformSupportModulesInManaged (5ms)
			SetLoadedEditorAssemblies (3ms)
			RefreshPlugins (0ms)
			BeforeProcessingInitializeOnLoad (80ms)
			ProcessInitializeOnLoadAttributes (440ms)
			ProcessInitializeOnLoadMethodAttributes (75ms)
			AfterProcessingInitializeOnLoad (7ms)
			EditorAssembliesLoaded (0ms)
		ExecutionOrderSort2 (0ms)
		AwakeInstancesAfterBackupRestoration (53ms)
WARNING: Shader Unsupported: 'Hidden/Universal Render Pipeline/Terrain/Lit (Base Pass)' - All subshaders removed
WARNING: Shader Did you use #pragma only_renderers and omit this platform?
WARNING: Shader If subshaders removal was intentional, you may have forgotten turning Fallback off?
WARNING: Shader Unsupported: 'Hidden/Universal Render Pipeline/Terrain/Lit (Base Pass)' - All subshaders removed
WARNING: Shader Did you use #pragma only_renderers and omit this platform?
WARNING: Shader If subshaders removal was intentional, you may have forgotten turning Fallback off?
WARNING: Shader Unsupported: 'Universal Render Pipeline/Terrain/Lit' - All subshaders removed
WARNING: Shader Did you use #pragma only_renderers and omit this platform?
WARNING: Shader If subshaders removal was intentional, you may have forgotten turning Fallback off?
WARNING: Shader Unsupported: 'Universal Render Pipeline/Terrain/Lit' - All subshaders removed
WARNING: Shader Did you use #pragma only_renderers and omit this platform?
WARNING: Shader If subshaders removal was intentional, you may have forgotten turning Fallback off?
WARNING: Shader Unsupported: 'Hidden/Builtin_TerrainVisualization' - All subshaders removed
WARNING: Shader Did you use #pragma only_renderers and omit this platform?
WARNING: Shader If subshaders removal was intentional, you may have forgotten turning Fallback off?
WARNING: Shader Unsupported: 'Hidden/Builtin_TerrainVisualization' - All subshaders removed
WARNING: Shader Did you use #pragma only_renderers and omit this platform?
WARNING: Shader If subshaders removal was intentional, you may have forgotten turning Fallback off?
Shader 'Fristy/Nature/Leaves': fallback shader 'TransparentCutout' not found
Shader 'Fristy/Nature/Leaves 2': fallback shader 'TransparentCutout' not found
Shader 'Fristy/Nature/Leaves 2': fallback shader 'TransparentCutout' not found
Shader 'Fristy/Nature/Leaves': fallback shader 'TransparentCutout' not found
Refreshing native plugins compatible for Editor in 17.85 ms, found 12 plugins.
Preloading 0 native plugins for Editor in 0.00 ms.
Unloading 9036 Unused Serialized files (Serialized files now loaded: 0)
Unloading 139 unused Assets / (7.0 MB). Loaded Objects now: 10383.
Memory consumption went from 0.54 GB to 0.53 GB.
Total: 6.572500 ms (FindLiveObjects: 0.646800 ms CreateObjectMapping: 0.272600 ms MarkObjects: 3.520400 ms  DeleteObjects: 2.132000 ms)

Prepare: number of updated asset objects reloaded= 0
AssetImportParameters requested are different than current active one (requested -> active):
  custom:scripting/monoscript/fileName/GlobalSettings.cs: 9299c779a0b64ccdd0d05b6b192dd597 -> e5eb35b80bdfaee4ead1e1630fd77998
  custom:scripting/monoscript/fileName/ConifersInstaller.cs: 34412fab510de16a07b21d03f07e61f8 -> 
  custom:scripting/monoscript/fileName/cameraCausticsHandler.cs: 203be416dbb9459f8396daaccc91cf29 -> 
  custom:container-demuxer-ogg: 62fdf1f143b41e24485cea50d1cbac27 -> 
  custom:scripting/monoscript/fileName/CameraPosition.cs: e732973052cb68f8e8bdea9d3c698b87 -> 
  custom:scripting/monoscript/fileName/LuxSyncWindSettings.cs: 80e2ff6b5825de7c14ffb88c2e2b5b65 -> 
  custom:scripting/monoscript/fileName/AudioManager.cs: e8310be4479956b7ccf5d41d9f0f6e53 -> 
  custom:scripting/monoscript/fileName/Buttonscript.cs: 891c3ed16c0ff11ca5c6d879c583e04c -> 
  custom:scripting/monoscript/fileName/sui_demo_ControllerCharacter.cs: 77f9b323e1e1ae7be1ca37327d855bbe -> 
  custom:scripting/monoscript/fileName/TerrainTreeToggle.cs: 5cf8848e1ff4023e5941050cc0bc5903 -> 
  custom:framework-win-MediaFoundation: 216162199b28c13a410421893ffa2e32 -> 
  custom:scripting/monoscript/fileName/ShowNearestRoad.cs: bfca082363bca0aa0670498fac431c31 -> 
  custom:scripting/monoscript/fileName/suimono_object_editor.cs: 596411ff76b9f06f79e157df1564c4b1 -> 
  custom:scripting/monoscript/fileName/Suimono_UnderwaterFog.cs: c8e0ff12dab3c4b9b8a91f0a549e0a92 -> 
  custom:scripting/monoscript/fileName/sui_demo_InputController.cs: d8caa485c80db3692d026c5cf185c218 -> 
  custom:scripting/monoscript/fileName/NM_Wind.cs: 273548779e45adc6a930a3cb93a724ec -> 
  custom:scripting/monoscript/fileName/TerrainInfo.cs: 61d78cff61d6ebb942d643dfe834e16b -> 
  custom:scripting/monoscript/fileName/sui_demo_ControllerMaster.cs: 77523f817a4bed3b1ef4ffa42cce4ece -> 
  custom:scripting/monoscript/fileName/SuimonoCamera_depth.cs: 80ffa2ea86fb9381932c83b3c79a959a -> 
  custom:scripting/monoscript/fileName/Random.cs: 78e3c5819d3bea5d464d0ebbe5e386bd -> 212f8ec9f1e907c78c3154e466767910
  custom:scripting/monoscript/fileName/BuildingLights.cs: 9bed024d5f0ceda58a9154322f83a57d -> 
  custom:scripting/monoscript/fileName/ShaderPackageImporter.cs: 17291b7a930b38a3c49ebb9ef2dd80c4 -> 
  custom:scripting/monoscript/fileName/ProximityAudio.cs: 4a064c9ec5548efecdb5cea372606d38 -> 
  custom:container-muxer-webm: aa71ff27fc2769a1b78a27578f13a17b -> 
  custom:video-decoder-webm-vp8: 9c59270c3fd7afecdb556c50c9e8de78 -> 
  custom:scripting/monoscript/fileName/utility_ConvertToSurface.cs: f8dd73a2642bee5084af2867df64e94d -> 
  custom:SearchIndexIgnoredProperties: e643bd26f0fe6173181afceb89e7c659 -> 
  custom:scripting/monoscript/fileName/Logger.cs: a380ef938d60e722156c8a46cb03ad45 -> 
  custom:AudioImporter_EditorPlatform: d09bf68614088b80899f8185d706f6e7 -> 
  custom:scripting/monoscript/fileName/ObjectPainter.cs: b195003ebdb1a46b9e9b74a63b927fa3 -> 
  custom:scripting/monoscript/fileName/SceneAnnotation.cs: b5af73fcb91cdca3ec093792c06e2c13 -> 
  custom:scripting/monoscript/fileName/ui_suimonoFps.cs: a6f5c863a808087816e0ac57244915f2 -> 
  custom:scripting/monoscript/fileName/Oak_CameraMove.cs: a374ef25e75e4acae1e553504180ac6d -> 
  custom:scripting/monoscript/fileName/suimono_module_editor.cs: e8d99d0d161bbd6faaa08916b7e0b07b -> 
  custom:scripting/monoscript/fileName/Suimono_ShorelineObject.cs: bd38657d37ee6ffa59f5edec3bc09e6d -> 
  custom:scripting/monoscript/fileName/LuxSyncWindSettingsEditor.cs: 72a2c5520f9b1072999cc993f83ff2f5 -> 
  custom:scripting/monoscript/fileName/RoadInfo.cs: 68b8ae1f6de6d69d55be7038c58d58d6 -> 
  custom:scripting/monoscript/fileName/SimpleTextureDrawing.cs: 2132e47487f31ae0f1670288dab9ac05 -> 
  custom:audio-decoder-ogg-vorbis: bf7c407c2cedff20999df2af8eb42d56 -> 
  custom:scripting/monoscript/fileName/SuimonoModule.cs: d8da817a9baea1388c61946f446a2339 -> 
  custom:scripting/monoscript/fileName/utility_SaveMesh.cs: a9ff7aff3b75c7698ee8a026144408b1 -> 
  custom:scripting/monoscript/fileName/DepthEnabler.cs: 51cbd689c97d7b99e0e7f146fbeec856 -> 
  custom:scripting/monoscript/fileName/Suimono_DistanceBlur.cs: 21ec6d5c017aebf9c080a20c96dadeeb -> 
  custom:scripting/monoscript/fileName/OlfactoryManager.cs: 0ea929e3b0fdd62542a400bfde843f3e -> 
  custom:scripting/monoscript/fileName/ShaderPackagePostProcessor.cs: b6ca1175c3daeaaa650d0f6a6a5b1d4d -> 
  custom:audio-encoder-webm-vorbis: bf7c407c2cedff20999df2af8eb42d56 -> 
  custom:scripting/precompiled-assembly-types:Assembly-CSharp-Editor: 106eef492d7a098f90e0b878236314f0 -> 
  custom:scripting/monoscript/fileName/fx_soundModule.cs: 845f3a880a02a4b9db4f3946a0b632c2 -> 
  custom:scripting/monoscript/fileName/fx_buoyancy.cs: 1eccf3e9a9a3e72ba70bbb90fbc91c7a -> 
  custom:scripting/monoscript/fileName/MenuController.cs: f98156acb6c9b62b4aff1540a104a198 -> 
  custom:scripting/precompiled-assembly-types:Assembly-CSharp: 9130d0ce5c5f6a9b5ef04881a9f6c936 -> 
  custom:scripting/monoscript/fileName/QuestionnaireUI.cs: e75c8331834239055f67395826ea5f84 -> 
  custom:scripting/monoscript/fileName/suimono_modulefx_editor.cs: 1fccfe9fe7d79f0f657e778e3326d409 -> 
  custom:scripting/monoscript/fileName/Bootstrapper.cs: 39d86069f18dea402c54e3685dead00a -> 
  custom:scripting/monoscript/fileName/fx_causticModule.cs: 22859300dd9f495438ba10f8b819ee42 -> 
  custom:scripting/monoscript/fileName/Cursors.cs: 8ceb506cb43bbbf8bc15fe66a4c323be -> 
  custom:scripting/monoscript/fileName/Screenshot.cs: 0620cb4985c9091eafc9fb8769d656f7 -> 
  custom:video-codec-MediaFoundation-h265: 746d11721c4dcdbdad8f713fa42b33f4 -> 
  custom:scripting/monoscript/fileName/RenderPipelineDefine.cs: 317c65446718a85713efac4d2d12fe3b -> 
  custom:video-decoder-ogg-theora: a1e56fd34408186e4bbccfd4996cb3dc -> 
  custom:scripting/monoscript/fileName/SimpleMovement.cs: 0a6bf719bbe1fc83af511edf74280fd7 -> 
  custom:scripting/monoscript/fileName/sui_demo_trigger.cs: 1fc297ef9ad74596d74f3bd8f92404ca -> 
  custom:scripting/monoscript/fileName/cameraTools.cs: 0866f9086c509f44bf85af3c5627eb21 -> 
  custom:scripting/monoscript/fileName/utility_EventTrigger.cs: 5d0d23131cc6bf8d5b9ea0cde04b019b -> 
  custom:scripting/monoscript/fileName/HideImage.cs: b070d4f600b8cae0e2c7444676c59e8b -> 
  custom:scripting/monoscript/fileName/HideShowButtons.cs: 261fcfd4412766616d29e8f85b9e32f8 -> 
  custom:scripting/monoscript/fileName/sui_demo_ControllerOrbit.cs: 09147b9da8999b827b19673e025c0080 -> 
  custom:scripting/monoscript/fileName/fx_EffectObject.cs: 87fa5fcfcaca67383d2855968f9fc6e3 -> 
  custom:scripting/monoscript/fileName/ShaderPackage.cs: 31a33bd8020c2fcaed94b66b7dca87ff -> 
  custom:scripting/monoscript/fileName/sui_demo_animCharacter.cs: 6aa8df350dee8568d02f9abca3d7f077 -> 
  custom:CustomObjectIndexerAttribute: 3ead1caaecf1c488f20bcfeb224b6af5 -> 
  custom:scripting/monoscript/fileName/CreateBuilding.cs: 17a5319582e38b1ef72157c1703effc4 -> 
  custom:scripting/monoscript/fileName/InputDebugLogger.cs: 82ffd0081c5e93dfa56614883ab8f3b4 -> 
  custom:scripting/monoscript/fileName/LuxInstantWind.cs: d0696e36de64a2f7aa53a0e9bb0c27c0 -> 
  custom:scripting/monoscript/fileName/Asset_Store_Offers.cs: fcb26eb33ea5ff8143c7b26cf280335a -> 
  custom:container-demuxer-webm: 4f35f7cbe854078d1ac9338744f61a02 -> 
  custom:scripting/monoscript/fileName/FollowHeadset.cs: 010b4fc70839b6467e0f7d44c50f8b6a -> 
  custom:scripting/monoscript/fileName/SteamVRDpadMovement.cs: 0858c3f901dd334b5b07d263b7240dff -> 
  custom:scripting/monoscript/fileName/fx_causticObject.cs: 84099b2f03fb07e220683ffd9de391bd -> 
  custom:scripting/monoscript/fileName/SuimonoObject.cs: 75ea2012b42c12458a51aa7ea64d4dfc -> 
  custom:scripting/monoscript/fileName/Buttons.cs: e2aacc9d1751c7c0f3072c5591a0448a -> 
  custom:scripting/monoscript/fileName/ScentTrigger.cs: 9d1b45de716f9f8517ecc4bd22cd9b1a -> 
  custom:scripting/monoscript/fileName/SuimonoModuleFX.cs: 9a1fb9a9a3254d2e6c9878a9a4cfd6ea -> 
  custom:scripting/monoscript/fileName/TerrainTreeSyncWindow.cs: 0049902c7c87baf7fd6e000185f68b08 -> 
  custom:scripting/monoscript/fileName/fx_EffectTrail.cs: 0912109b3664d026a1e40f530f218fa6 -> 
  custom:scripting/monoscript/fileName/StartExperiment.cs: 5b7e41d2674edc882545477febff3780 -> 
  custom:scripting/monoscript/fileName/localAudioSetUp.cs: 2832f1e73f103d76e5efa4f1c6aadd97 -> 
  custom:scripting/monoscript/fileName/SkyDropdownHandler.cs: b54f1d0cb6b4198b5be2ff6631764431 -> 
  custom:scripting/monoscript/fileName/ui_suimonoHandler.cs: 173fe6f2f1d28f49e73f243125002d8d -> 
  custom:scripting/monoscript/fileName/suimono_shorelineobject_editor.cs: 4a33207c29f66bc05eab5388c3d60065 -> 
  custom:scripting/monoscript/fileName/AudioSliderHandler.cs: c7f330940cb7d54a831dbeeed6bf77dd -> 
  custom:scripting/monoscript/fileName/CTI_HDRP_CustomWind.cs: d8edc73887f65b86a29cb9b9b4c1dda5 -> 
  custom:scripting/monoscript/fileName/suimono_objectfx_editor.cs: 4357412003a240ca858fa9df6886dd66 -> 
  custom:scripting/monoscript/fileName/LB_CameraMove.cs: 5315c5f6f736562101ddf5d937de00ef -> 
  custom:scripting/monoscript/fileName/sui_demo_animBoat.cs: ebeb4b521d5a6f595ca668402251a08a -> 
  custom:scripting/monoscript/fileName/ConditionAssigner.cs: 94e0c01fcb3cdaff0ef8e3274ee94d89 -> 
  custom:scripting/monoscript/fileName/Controller.cs: 0d0d0283cf30a16a8d6e004867aeda11 -> 37ef4213f82f1a4295de1d1176041d30
  custom:scripting/monoscript/fileName/ExperimentManager.cs: b67861781a01276172920e0d8962efea -> 
  custom:scripting/monoscript/fileName/SuimonoDepth.cs: 6c0ae76e5cfd8919175e16001a9921cf -> 
  custom:scripting/monoscript/fileName/ShaderPackageImporterEditor.cs: 09f51f7d58934c358453befdde4c66f7 -> 
  custom:scripting/monoscript/fileName/utility_AdjustCulling.cs: d9f44c1b079f3eb889c8012e3a53e212 -> 
  custom:scripting/monoscript/fileName/sui_demo_ControllerBoat.cs: 2916709e2c71b6f1df06ff346434b3a2 -> 
  custom:video-encoder-webm-vp8: eb34c28f22e8b96e1ab97ce403110664 -> 
  custom:scripting/monoscript/fileName/sui_demo_LightHandler.cs: b379735bb1226fc591138501f7302e24 -> 
  custom:scripting/monoscript/fileName/guiFPS.cs: d520320405f761c1739cec08b309617f -> 
  custom:scripting/monoscript/fileName/TemplateRoot.cs: 8148e2f5b4e578df624efc87ad636737 -> 
  custom:scripting/monoscript/fileName/PlayerMovement.cs: 1a47801dbfdcc2557ce3b8ac2bfa635b -> 
  custom:scripting/monoscript/fileName/Rotate.cs: 0640615e68ae415c8adb0535396b225d -> 
  custom:scripting/monoscript/fileName/zoneScentTrigger.cs: d3eff30b2b82d6c00056e777eb10622a -> 
  custom:scripting/monoscript/fileName/SceneDropdownHandler.cs: ca5140c78cd25f5240dd32e7448f39d1 -> 
  custom:scripting/monoscript/fileName/SuimonoModuleLib.cs: db745f02f30d281b637011e2fa543c30 -> 
========================================================================
Received Prepare
Caller must complete domain reload
Begin MonoManager ReloadAssembly
- Loaded All Assemblies, in  2.163 seconds
Native extension for WindowsStandalone target not found
[Package Manager] Server::EnsureServerProcessIsRunning -- launch failed, reason: Unity was launched with the -noUpm command-line argument
[Package Manager] UpmClient::Send -- Unable to send message (not connected to UPM process).
[Package Manager] Cannot connect to Unity Package Manager local server
Mono: successfully reloaded assembly
[Package Manager] Server::EnsureServerProcessIsRunning -- launch failed, reason: Unity was launched with the -noUpm command-line argument
[Package Manager] UpmClient::Send -- Unable to send message (not connected to UPM process).
[Package Manager] Cannot connect to Unity Package Manager local server
- Finished resetting the current domain, in 71.112 seconds
Domain Reload Profiling: 73272ms
	BeginReloadAssembly (143ms)
		ExecutionOrderSort (0ms)
		DisableScriptedObjects (4ms)
		BackupInstance (0ms)
		ReleaseScriptingObjects (0ms)
		CreateAndSetChildDomain (40ms)
	RebuildCommonClasses (24ms)
	RebuildNativeTypeToScriptingClass (8ms)
	initialDomainReloadingComplete (26ms)
	LoadAllAssembliesAndSetupDomain (1960ms)
		LoadAssemblies (1952ms)
		RebuildTransferFunctionScriptingTraits (0ms)
		AnalyzeDomain (69ms)
			TypeCache.Refresh (12ms)
				TypeCache.ScanAssembly (3ms)
			ScanForSourceGeneratedMonoScriptInfo (41ms)
			ResolveRequiredComponents (14ms)
	FinalizeReload (71112ms)
		ReleaseScriptCaches (0ms)
		RebuildScriptCaches (0ms)
		SetupLoadedEditorAssemblies (1111ms)
			LogAssemblyErrors (0ms)
			InitializePlatformSupportModulesInManaged (5ms)
			SetLoadedEditorAssemblies (3ms)
			RefreshPlugins (0ms)
			BeforeProcessingInitializeOnLoad (91ms)
			ProcessInitializeOnLoadAttributes (753ms)
			ProcessInitializeOnLoadMethodAttributes (252ms)
			AfterProcessingInitializeOnLoad (7ms)
			EditorAssembliesLoaded (0ms)
		ExecutionOrderSort2 (0ms)
		AwakeInstancesAfterBackupRestoration (39ms)
WARNING: Shader Unsupported: 'Hidden/Universal Render Pipeline/Terrain/Lit (Base Pass)' - All subshaders removed
WARNING: Shader Did you use #pragma only_renderers and omit this platform?
WARNING: Shader If subshaders removal was intentional, you may have forgotten turning Fallback off?
WARNING: Shader Unsupported: 'Hidden/Universal Render Pipeline/Terrain/Lit (Base Pass)' - All subshaders removed
WARNING: Shader Did you use #pragma only_renderers and omit this platform?
WARNING: Shader If subshaders removal was intentional, you may have forgotten turning Fallback off?
WARNING: Shader Unsupported: 'Universal Render Pipeline/Terrain/Lit' - All subshaders removed
WARNING: Shader Did you use #pragma only_renderers and omit this platform?
WARNING: Shader If subshaders removal was intentional, you may have forgotten turning Fallback off?
WARNING: Shader Unsupported: 'Universal Render Pipeline/Terrain/Lit' - All subshaders removed
WARNING: Shader Did you use #pragma only_renderers and omit this platform?
WARNING: Shader If subshaders removal was intentional, you may have forgotten turning Fallback off?
WARNING: Shader Unsupported: 'Hidden/Builtin_TerrainVisualization' - All subshaders removed
WARNING: Shader Did you use #pragma only_renderers and omit this platform?
WARNING: Shader If subshaders removal was intentional, you may have forgotten turning Fallback off?
WARNING: Shader Unsupported: 'Hidden/Builtin_TerrainVisualization' - All subshaders removed
WARNING: Shader Did you use #pragma only_renderers and omit this platform?
WARNING: Shader If subshaders removal was intentional, you may have forgotten turning Fallback off?
Shader 'Fristy/Nature/Leaves': fallback shader 'TransparentCutout' not found
Shader 'Fristy/Nature/Leaves 2': fallback shader 'TransparentCutout' not found
Shader 'Fristy/Nature/Leaves 2': fallback shader 'TransparentCutout' not found
Shader 'Fristy/Nature/Leaves': fallback shader 'TransparentCutout' not found
Refreshing native plugins compatible for Editor in 13.70 ms, found 12 plugins.
Preloading 0 native plugins for Editor in 0.00 ms.
Unloading 9029 Unused Serialized files (Serialized files now loaded: 0)
Unloading 138 unused Assets / (7.0 MB). Loaded Objects now: 10399.
Memory consumption went from 0.54 GB to 0.53 GB.
Total: 5.550100 ms (FindLiveObjects: 0.884900 ms CreateObjectMapping: 0.328800 ms MarkObjects: 3.127000 ms  DeleteObjects: 1.208700 ms)

Prepare: number of updated asset objects reloaded= 29
AssetImportParameters requested are different than current active one (requested -> active):
  custom:scripting/monoscript/fileName/GlobalSettings.cs: 9299c779a0b64ccdd0d05b6b192dd597 -> e5eb35b80bdfaee4ead1e1630fd77998
  custom:scripting/monoscript/fileName/ConifersInstaller.cs: 34412fab510de16a07b21d03f07e61f8 -> 
  custom:scripting/monoscript/fileName/cameraCausticsHandler.cs: 203be416dbb9459f8396daaccc91cf29 -> 
  custom:container-demuxer-ogg: 62fdf1f143b41e24485cea50d1cbac27 -> 
  custom:scripting/monoscript/fileName/CameraPosition.cs: e732973052cb68f8e8bdea9d3c698b87 -> 
  custom:scripting/monoscript/fileName/LuxSyncWindSettings.cs: 80e2ff6b5825de7c14ffb88c2e2b5b65 -> 
  custom:scripting/monoscript/fileName/AudioManager.cs: e8310be4479956b7ccf5d41d9f0f6e53 -> 
  custom:scripting/monoscript/fileName/Buttonscript.cs: 891c3ed16c0ff11ca5c6d879c583e04c -> 
  custom:scripting/monoscript/fileName/sui_demo_ControllerCharacter.cs: 77f9b323e1e1ae7be1ca37327d855bbe -> 
  custom:scripting/monoscript/fileName/TerrainTreeToggle.cs: 5cf8848e1ff4023e5941050cc0bc5903 -> 
  custom:framework-win-MediaFoundation: 216162199b28c13a410421893ffa2e32 -> 
  custom:scripting/monoscript/fileName/ShowNearestRoad.cs: bfca082363bca0aa0670498fac431c31 -> 
  custom:scripting/monoscript/fileName/suimono_object_editor.cs: 596411ff76b9f06f79e157df1564c4b1 -> 
  custom:scripting/monoscript/fileName/Suimono_UnderwaterFog.cs: c8e0ff12dab3c4b9b8a91f0a549e0a92 -> 
  custom:scripting/monoscript/fileName/sui_demo_InputController.cs: d8caa485c80db3692d026c5cf185c218 -> 
  custom:scripting/monoscript/fileName/NM_Wind.cs: 273548779e45adc6a930a3cb93a724ec -> 
  custom:scripting/monoscript/fileName/TerrainInfo.cs: 61d78cff61d6ebb942d643dfe834e16b -> 
  custom:scripting/monoscript/fileName/sui_demo_ControllerMaster.cs: 77523f817a4bed3b1ef4ffa42cce4ece -> 
  custom:scripting/monoscript/fileName/SuimonoCamera_depth.cs: 80ffa2ea86fb9381932c83b3c79a959a -> 
  custom:scripting/monoscript/fileName/Random.cs: 78e3c5819d3bea5d464d0ebbe5e386bd -> 212f8ec9f1e907c78c3154e466767910
  custom:scripting/monoscript/fileName/BuildingLights.cs: 9bed024d5f0ceda58a9154322f83a57d -> 
  custom:scripting/monoscript/fileName/ShaderPackageImporter.cs: 17291b7a930b38a3c49ebb9ef2dd80c4 -> 
  custom:scripting/monoscript/fileName/ProximityAudio.cs: 4a064c9ec5548efecdb5cea372606d38 -> 
  custom:container-muxer-webm: aa71ff27fc2769a1b78a27578f13a17b -> 
  custom:video-decoder-webm-vp8: 9c59270c3fd7afecdb556c50c9e8de78 -> 
  custom:scripting/monoscript/fileName/utility_ConvertToSurface.cs: f8dd73a2642bee5084af2867df64e94d -> 
  custom:SearchIndexIgnoredProperties: e643bd26f0fe6173181afceb89e7c659 -> 
  custom:scripting/monoscript/fileName/Logger.cs: a380ef938d60e722156c8a46cb03ad45 -> 
  custom:AudioImporter_EditorPlatform: d09bf68614088b80899f8185d706f6e7 -> 
  custom:scripting/monoscript/fileName/ObjectPainter.cs: b195003ebdb1a46b9e9b74a63b927fa3 -> 
  custom:scripting/monoscript/fileName/SceneAnnotation.cs: b5af73fcb91cdca3ec093792c06e2c13 -> 
  custom:scripting/monoscript/fileName/ui_suimonoFps.cs: a6f5c863a808087816e0ac57244915f2 -> 
  custom:scripting/monoscript/fileName/Oak_CameraMove.cs: a374ef25e75e4acae1e553504180ac6d -> 
  custom:scripting/monoscript/fileName/suimono_module_editor.cs: e8d99d0d161bbd6faaa08916b7e0b07b -> 
  custom:scripting/monoscript/fileName/Suimono_ShorelineObject.cs: bd38657d37ee6ffa59f5edec3bc09e6d -> 
  custom:scripting/monoscript/fileName/LuxSyncWindSettingsEditor.cs: 72a2c5520f9b1072999cc993f83ff2f5 -> 
  custom:scripting/monoscript/fileName/RoadInfo.cs: 68b8ae1f6de6d69d55be7038c58d58d6 -> 
  custom:scripting/monoscript/fileName/SimpleTextureDrawing.cs: 2132e47487f31ae0f1670288dab9ac05 -> 
  custom:audio-decoder-ogg-vorbis: bf7c407c2cedff20999df2af8eb42d56 -> 
  custom:scripting/monoscript/fileName/SuimonoModule.cs: d8da817a9baea1388c61946f446a2339 -> 
  custom:scripting/monoscript/fileName/utility_SaveMesh.cs: a9ff7aff3b75c7698ee8a026144408b1 -> 
  custom:scripting/monoscript/fileName/DepthEnabler.cs: 51cbd689c97d7b99e0e7f146fbeec856 -> 
  custom:scripting/monoscript/fileName/Suimono_DistanceBlur.cs: 21ec6d5c017aebf9c080a20c96dadeeb -> 
  custom:scripting/monoscript/fileName/OlfactoryManager.cs: 0ea929e3b0fdd62542a400bfde843f3e -> 
  custom:scripting/monoscript/fileName/ShaderPackagePostProcessor.cs: b6ca1175c3daeaaa650d0f6a6a5b1d4d -> 
  custom:audio-encoder-webm-vorbis: bf7c407c2cedff20999df2af8eb42d56 -> 
  custom:scripting/precompiled-assembly-types:Assembly-CSharp-Editor: 106eef492d7a098f90e0b878236314f0 -> 
  custom:scripting/monoscript/fileName/fx_soundModule.cs: 845f3a880a02a4b9db4f3946a0b632c2 -> 
  custom:scripting/monoscript/fileName/fx_buoyancy.cs: 1eccf3e9a9a3e72ba70bbb90fbc91c7a -> 
  custom:scripting/monoscript/fileName/MenuController.cs: f98156acb6c9b62b4aff1540a104a198 -> 
  custom:scripting/precompiled-assembly-types:Assembly-CSharp: 9130d0ce5c5f6a9b5ef04881a9f6c936 -> 
  custom:scripting/monoscript/fileName/QuestionnaireUI.cs: e75c8331834239055f67395826ea5f84 -> 
  custom:scripting/monoscript/fileName/suimono_modulefx_editor.cs: 1fccfe9fe7d79f0f657e778e3326d409 -> 
  custom:scripting/monoscript/fileName/Bootstrapper.cs: 39d86069f18dea402c54e3685dead00a -> 
  custom:scripting/monoscript/fileName/fx_causticModule.cs: 22859300dd9f495438ba10f8b819ee42 -> 
  custom:scripting/monoscript/fileName/Cursors.cs: 8ceb506cb43bbbf8bc15fe66a4c323be -> 
  custom:scripting/monoscript/fileName/Screenshot.cs: 0620cb4985c9091eafc9fb8769d656f7 -> 
  custom:video-codec-MediaFoundation-h265: 746d11721c4dcdbdad8f713fa42b33f4 -> 
  custom:scripting/monoscript/fileName/RenderPipelineDefine.cs: 317c65446718a85713efac4d2d12fe3b -> 
  custom:video-decoder-ogg-theora: a1e56fd34408186e4bbccfd4996cb3dc -> 
  custom:scripting/monoscript/fileName/SimpleMovement.cs: 0a6bf719bbe1fc83af511edf74280fd7 -> 
  custom:scripting/monoscript/fileName/sui_demo_trigger.cs: 1fc297ef9ad74596d74f3bd8f92404ca -> 
  custom:scripting/monoscript/fileName/cameraTools.cs: 0866f9086c509f44bf85af3c5627eb21 -> 
  custom:scripting/monoscript/fileName/utility_EventTrigger.cs: 5d0d23131cc6bf8d5b9ea0cde04b019b -> 
  custom:scripting/monoscript/fileName/HideImage.cs: b070d4f600b8cae0e2c7444676c59e8b -> 
  custom:scripting/monoscript/fileName/HideShowButtons.cs: 261fcfd4412766616d29e8f85b9e32f8 -> 
  custom:scripting/monoscript/fileName/sui_demo_ControllerOrbit.cs: 09147b9da8999b827b19673e025c0080 -> 
  custom:scripting/monoscript/fileName/fx_EffectObject.cs: 87fa5fcfcaca67383d2855968f9fc6e3 -> 
  custom:scripting/monoscript/fileName/ShaderPackage.cs: 31a33bd8020c2fcaed94b66b7dca87ff -> 
  custom:scripting/monoscript/fileName/sui_demo_animCharacter.cs: 6aa8df350dee8568d02f9abca3d7f077 -> 
  custom:CustomObjectIndexerAttribute: 3ead1caaecf1c488f20bcfeb224b6af5 -> 
  custom:scripting/monoscript/fileName/CreateBuilding.cs: 17a5319582e38b1ef72157c1703effc4 -> 
  custom:scripting/monoscript/fileName/InputDebugLogger.cs: 82ffd0081c5e93dfa56614883ab8f3b4 -> 
  custom:scripting/monoscript/fileName/LuxInstantWind.cs: d0696e36de64a2f7aa53a0e9bb0c27c0 -> 
  custom:scripting/monoscript/fileName/Asset_Store_Offers.cs: fcb26eb33ea5ff8143c7b26cf280335a -> 
  custom:container-demuxer-webm: 4f35f7cbe854078d1ac9338744f61a02 -> 
  custom:scripting/monoscript/fileName/FollowHeadset.cs: 010b4fc70839b6467e0f7d44c50f8b6a -> 
  custom:scripting/monoscript/fileName/SteamVRDpadMovement.cs: 0858c3f901dd334b5b07d263b7240dff -> 
  custom:scripting/monoscript/fileName/fx_causticObject.cs: 84099b2f03fb07e220683ffd9de391bd -> 
  custom:scripting/monoscript/fileName/SuimonoObject.cs: 75ea2012b42c12458a51aa7ea64d4dfc -> 
  custom:scripting/monoscript/fileName/Buttons.cs: e2aacc9d1751c7c0f3072c5591a0448a -> 
  custom:scripting/monoscript/fileName/ScentTrigger.cs: 9d1b45de716f9f8517ecc4bd22cd9b1a -> 
  custom:scripting/monoscript/fileName/SuimonoModuleFX.cs: 9a1fb9a9a3254d2e6c9878a9a4cfd6ea -> 
  custom:scripting/monoscript/fileName/TerrainTreeSyncWindow.cs: 0049902c7c87baf7fd6e000185f68b08 -> 
  custom:scripting/monoscript/fileName/fx_EffectTrail.cs: 0912109b3664d026a1e40f530f218fa6 -> 
  custom:scripting/monoscript/fileName/StartExperiment.cs: 5b7e41d2674edc882545477febff3780 -> 
  custom:scripting/monoscript/fileName/localAudioSetUp.cs: 2832f1e73f103d76e5efa4f1c6aadd97 -> 
  custom:scripting/monoscript/fileName/SkyDropdownHandler.cs: b54f1d0cb6b4198b5be2ff6631764431 -> 
  custom:scripting/monoscript/fileName/ui_suimonoHandler.cs: 173fe6f2f1d28f49e73f243125002d8d -> 
  custom:scripting/monoscript/fileName/suimono_shorelineobject_editor.cs: 4a33207c29f66bc05eab5388c3d60065 -> 
  custom:scripting/monoscript/fileName/AudioSliderHandler.cs: c7f330940cb7d54a831dbeeed6bf77dd -> 
  custom:scripting/monoscript/fileName/CTI_HDRP_CustomWind.cs: d8edc73887f65b86a29cb9b9b4c1dda5 -> 
  custom:scripting/monoscript/fileName/suimono_objectfx_editor.cs: 4357412003a240ca858fa9df6886dd66 -> 
  custom:scripting/monoscript/fileName/LB_CameraMove.cs: 5315c5f6f736562101ddf5d937de00ef -> 
  custom:scripting/monoscript/fileName/sui_demo_animBoat.cs: ebeb4b521d5a6f595ca668402251a08a -> 
  custom:scripting/monoscript/fileName/ConditionAssigner.cs: 94e0c01fcb3cdaff0ef8e3274ee94d89 -> 
  custom:scripting/monoscript/fileName/Controller.cs: 0d0d0283cf30a16a8d6e004867aeda11 -> 37ef4213f82f1a4295de1d1176041d30
  custom:scripting/monoscript/fileName/ExperimentManager.cs: b67861781a01276172920e0d8962efea -> 
  custom:scripting/monoscript/fileName/SuimonoDepth.cs: 6c0ae76e5cfd8919175e16001a9921cf -> 
  custom:scripting/monoscript/fileName/ShaderPackageImporterEditor.cs: 09f51f7d58934c358453befdde4c66f7 -> 
  custom:scripting/monoscript/fileName/utility_AdjustCulling.cs: d9f44c1b079f3eb889c8012e3a53e212 -> 
  custom:scripting/monoscript/fileName/sui_demo_ControllerBoat.cs: 2916709e2c71b6f1df06ff346434b3a2 -> 
  custom:video-encoder-webm-vp8: eb34c28f22e8b96e1ab97ce403110664 -> 
  custom:scripting/monoscript/fileName/sui_demo_LightHandler.cs: b379735bb1226fc591138501f7302e24 -> 
  custom:scripting/monoscript/fileName/guiFPS.cs: d520320405f761c1739cec08b309617f -> 
  custom:scripting/monoscript/fileName/TemplateRoot.cs: 8148e2f5b4e578df624efc87ad636737 -> 
  custom:scripting/monoscript/fileName/PlayerMovement.cs: 1a47801dbfdcc2557ce3b8ac2bfa635b -> 
  custom:scripting/monoscript/fileName/Rotate.cs: 0640615e68ae415c8adb0535396b225d -> 
  custom:scripting/monoscript/fileName/zoneScentTrigger.cs: d3eff30b2b82d6c00056e777eb10622a -> 
  custom:scripting/monoscript/fileName/SceneDropdownHandler.cs: ca5140c78cd25f5240dd32e7448f39d1 -> 
  custom:scripting/monoscript/fileName/SuimonoModuleLib.cs: db745f02f30d281b637011e2fa543c30 -> 
========================================================================
Received Prepare
Caller must complete domain reload
Begin MonoManager ReloadAssembly
- Loaded All Assemblies, in  2.503 seconds
Native extension for WindowsStandalone target not found
[Package Manager] Server::EnsureServerProcessIsRunning -- launch failed, reason: Unity was launched with the -noUpm command-line argument
[Package Manager] UpmClient::Send -- Unable to send message (not connected to UPM process).
[Package Manager] Cannot connect to Unity Package Manager local server
Mono: successfully reloaded assembly
[Package Manager] Server::EnsureServerProcessIsRunning -- launch failed, reason: Unity was launched with the -noUpm command-line argument
[Package Manager] UpmClient::Send -- Unable to send message (not connected to UPM process).
[Package Manager] Cannot connect to Unity Package Manager local server
- Finished resetting the current domain, in 118.603 seconds
Domain Reload Profiling: 121104ms
	BeginReloadAssembly (140ms)
		ExecutionOrderSort (0ms)
		DisableScriptedObjects (5ms)
		BackupInstance (0ms)
		ReleaseScriptingObjects (0ms)
		CreateAndSetChildDomain (37ms)
	RebuildCommonClasses (23ms)
	RebuildNativeTypeToScriptingClass (8ms)
	initialDomainReloadingComplete (27ms)
	LoadAllAssembliesAndSetupDomain (2303ms)
		LoadAssemblies (2299ms)
		RebuildTransferFunctionScriptingTraits (0ms)
		AnalyzeDomain (65ms)
			TypeCache.Refresh (12ms)
				TypeCache.ScanAssembly (2ms)
			ScanForSourceGeneratedMonoScriptInfo (37ms)
			ResolveRequiredComponents (14ms)
	FinalizeReload (118604ms)
		ReleaseScriptCaches (0ms)
		RebuildScriptCaches (0ms)
		SetupLoadedEditorAssemblies (676ms)
			LogAssemblyErrors (0ms)
			InitializePlatformSupportModulesInManaged (5ms)
			SetLoadedEditorAssemblies (3ms)
			RefreshPlugins (0ms)
			BeforeProcessingInitializeOnLoad (91ms)
			ProcessInitializeOnLoadAttributes (381ms)
			ProcessInitializeOnLoadMethodAttributes (188ms)
			AfterProcessingInitializeOnLoad (8ms)
			EditorAssembliesLoaded (0ms)
		ExecutionOrderSort2 (0ms)
		AwakeInstancesAfterBackupRestoration (40ms)
