
=== Fri Jun 13 17:04:49 2025

Packages were changed.
Update Mode: mergeDefaultDependencies

The following packages were added:
  com.unity.modules.ai@1.0.0
  com.unity.modules.androidjni@1.0.0
  com.unity.modules.animation@1.0.0
  com.unity.modules.assetbundle@1.0.0
  com.unity.modules.audio@1.0.0
  com.unity.modules.cloth@1.0.0
  com.unity.modules.director@1.0.0
  com.unity.modules.imageconversion@1.0.0
  com.unity.modules.imgui@1.0.0
  com.unity.modules.jsonserialize@1.0.0
  com.unity.modules.particlesystem@1.0.0
  com.unity.modules.physics@1.0.0
  com.unity.modules.physics2d@1.0.0
  com.unity.modules.screencapture@1.0.0
  com.unity.modules.terrain@1.0.0
  com.unity.modules.terrainphysics@1.0.0
  com.unity.modules.tilemap@1.0.0
  com.unity.modules.ui@1.0.0
  com.unity.modules.uielements@1.0.0
  com.unity.modules.umbra@1.0.0
  com.unity.modules.unityanalytics@1.0.0
  com.unity.modules.unitywebrequest@1.0.0
  com.unity.modules.unitywebrequestassetbundle@1.0.0
  com.unity.modules.unitywebrequestaudio@1.0.0
  com.unity.modules.unitywebrequesttexture@1.0.0
  com.unity.modules.unitywebrequestwww@1.0.0
  com.unity.modules.vehicles@1.0.0
  com.unity.modules.video@1.0.0
  com.unity.modules.vr@1.0.0
  com.unity.modules.wind@1.0.0
  com.unity.modules.xr@1.0.0
The following packages were updated:
  com.unity.collab-proxy from version 1.13.5 to 2.2.0
  com.unity.timeline from version 1.6.2 to 1.7.6
  com.unity.visualscripting from version 1.7.6 to 1.9.1

=== Fri Jun 13 17:58:21 2025

Packages were changed.
Update Mode: updateDependencies

The following packages were updated:
  com.unity.collab-proxy from version 1.13.5 to 2.2.0
  com.unity.ide.rider from version 3.0.7 to 3.0.27
  com.unity.ide.visualstudio from version 2.0.11 to 2.0.22
  com.unity.ide.vscode from version 1.2.4 to 1.2.5
  com.unity.render-pipelines.high-definition from version 12.1.0 to 14.0.10
  com.unity.render-pipelines.universal from version 12.1.0 to 14.0.10
  com.unity.shadergraph from version 12.1.0 to 14.0.10
  com.unity.test-framework from version 1.1.29 to 1.1.33
  com.unity.timeline from version 1.6.2 to 1.7.6
  com.unity.visualscripting from version 1.7.2 to 1.9.1

=== Fri Jun 13 17:58:21 2025

Packages were changed.
Update Mode: mergeDefaultDependencies

The following packages were added:
  com.unity.ide.rider@3.0.27
  com.unity.ide.visualstudio@2.0.22
  com.unity.ide.vscode@1.2.5
  com.unity.render-pipelines.universal@14.0.10
  com.unity.shadergraph@14.0.10
  com.unity.test-framework@1.1.33

=== Mon Jun 23 18:01:53 2025

Packages were changed.
Update Mode: updateDependencies

The following packages were updated:
  com.unity.ide.rider from version 3.0.27 to 3.0.36
  com.unity.render-pipelines.high-definition from version 14.0.10 to 14.0.12
  com.unity.render-pipelines.universal from version 14.0.10 to 14.0.12
  com.unity.shadergraph from version 14.0.10 to 14.0.12
  com.unity.textmeshpro from version 3.0.6 to 3.0.7
  com.unity.timeline from version 1.7.6 to 1.7.7
  com.unity.visualscripting from version 1.9.1 to 1.9.4
  com.unity.xr.openxr from version 1.9.1 to 1.14.3

=== Tue Jun 24 13:52:22 2025

Packages were changed.
Update Mode: updateDependencies

The following packages were updated:
  com.unity.collab-proxy from version 1.13.5 to 2.7.1
  com.unity.ide.rider from version 3.0.7 to 3.0.36
  com.unity.ide.visualstudio from version 2.0.11 to 2.0.22
  com.unity.ide.vscode from version 1.2.4 to 1.2.5
  com.unity.render-pipelines.high-definition from version 12.1.0 to 14.0.12
  com.unity.render-pipelines.universal from version 12.1.0 to 14.0.12
  com.unity.shadergraph from version 12.1.0 to 14.0.12
  com.unity.test-framework from version 1.1.29 to 1.1.33
  com.unity.textmeshpro from version 3.0.6 to 3.0.7
  com.unity.timeline from version 1.6.2 to 1.7.7
  com.unity.visualscripting from version 1.7.2 to 1.9.4

=== Tue Jun 24 14:06:09 2025

Packages were changed.
Update Mode: updateDependencies

The following packages were updated:
  com.unity.cinemachine from version 2.9.1 to 2.10.3
  com.unity.collab-proxy from version 1.17.2 to 2.7.1
  com.unity.ide.rider from version 3.0.15 to 3.0.36
  com.unity.ide.visualstudio from version 2.0.16 to 2.0.22
  com.unity.render-pipelines.high-definition from version 12.1.7 to 14.0.12
  com.unity.terrain-tools from version 4.0.3 to 5.0.6
  com.unity.textmeshpro from version 3.0.6 to 3.0.7
  com.unity.timeline from version 1.6.4 to 1.7.7
  com.unity.visualscripting from version 1.7.8 to 1.9.4

=== Tue Jun 24 14:06:09 2025

Packages were changed.
Update Mode: mergeDefaultDependencies

The following packages were added:
  com.unity.cinemachine@2.10.3

=== Tue Jul  1 17:14:38 2025

Packages were changed.
Update Mode: updateDependencies

The following packages were updated:
  com.unity.burst from version 1.8.19 to 1.8.21

=== Tue Jul  1 17:14:38 2025

Packages were changed.
Update Mode: mergeDefaultDependencies

The following packages were added:
  com.unity.burst@1.8.21
  com.unity.collections@2.5.2
  com.unity.editorcoroutines@1.0.0
  com.unity.mathematics@1.3.2
